/home/kasperngbergan/workstation/eik/PatronusAcoustics/STM32_kasper/Core/Src/main.c:102:5:main	16	static
/home/kasperngbergan/workstation/eik/PatronusAcoustics/STM32_kasper/Core/Src/main.c:170:6:SystemClock_Config	120	static
/home/kasperngbergan/workstation/eik/PatronusAcoustics/STM32_kasper/Core/Src/main.c:230:13:MX_SAI1_Init	8	static
/home/kasperngbergan/workstation/eik/PatronusAcoustics/STM32_kasper/Core/Src/main.c:281:13:MX_TIM7_Init	24	static
/home/kasperngbergan/workstation/eik/PatronusAcoustics/STM32_kasper/Core/Src/main.c:323:13:MX_USART3_UART_Init	8	static
/home/kasperngbergan/workstation/eik/PatronusAcoustics/STM32_kasper/Core/Src/main.c:369:13:MX_DMA_Init	16	static
/home/kasperngbergan/workstation/eik/PatronusAcoustics/STM32_kasper/Core/Src/main.c:390:13:MX_MDMA_Init	16	static
/home/kasperngbergan/workstation/eik/PatronusAcoustics/STM32_kasper/Core/Src/main.c:434:13:MX_GPIO_Init	40	static
/home/kasperngbergan/workstation/eik/PatronusAcoustics/STM32_kasper/Core/Src/main.c:462:6:HAL_SAI_RxHalfCpltCallback	32	static
/home/kasperngbergan/workstation/eik/PatronusAcoustics/STM32_kasper/Core/Src/main.c:481:6:HAL_SAI_RxCpltCallback	32	static
/home/kasperngbergan/workstation/eik/PatronusAcoustics/STM32_kasper/Core/Src/main.c:498:6:MDMA_XferCpltCallback	16	static
/home/kasperngbergan/workstation/eik/PatronusAcoustics/STM32_kasper/Core/Src/main.c:507:6:MPU_Config	24	static
/home/kasperngbergan/workstation/eik/PatronusAcoustics/STM32_kasper/Core/Src/main.c:538:6:Error_Handler	4	static
