/home/brouzie/Projects/personal/PatronusAcoustics/NUCLEOH723ZG/Core/Src/main.c:69:5:main	8	static
/home/brouzie/Projects/personal/PatronusAcoustics/NUCLEOH723ZG/Core/Src/main.c:123:6:SystemClock_Config	120	static
/home/brouzie/Projects/personal/PatronusAcoustics/NUCLEOH723ZG/Core/Src/main.c:183:13:MX_SAI1_Init	8	static
/home/brouzie/Projects/personal/PatronusAcoustics/NUCLEOH723ZG/Core/Src/main.c:266:13:MX_USART3_UART_Init	8	static
/home/brouzie/Projects/personal/PatronusAcoustics/NUCLEOH723ZG/Core/Src/main.c:314:13:MX_GPIO_Init	24	static
/home/brouzie/Projects/personal/PatronusAcoustics/NUCLEOH723ZG/Core/Src/main.c:338:6:Error_Handler	4	static
