Archive member included to satisfy reference by file (symbol)

libdrivers.a(system_stm32h7xx.c.obj)
                              CMakeFiles/NUCLEOH723ZG.dir/startup_stm32h723xx.s.obj (SystemInit)
libdrivers.a(stm32h7xx_hal_rcc.c.obj)
                              CMakeFiles/NUCLEOH723ZG.dir/Core/Src/main.c.obj (HAL_RCC_OscConfig)
libdrivers.a(stm32h7xx_hal_rcc_ex.c.obj)
                              CMakeFiles/NUCLEOH723ZG.dir/Core/Src/stm32h7xx_hal_msp.c.obj (HAL_RCCEx_PeriphCLKConfig)
libdrivers.a(stm32h7xx_hal_gpio.c.obj)
                              CMakeFiles/NUCLEOH723ZG.dir/Core/Src/stm32h7xx_hal_msp.c.obj (HAL_GPIO_Init)
libdrivers.a(stm32h7xx_hal_pwr_ex.c.obj)
                              CMakeFiles/NUCLEOH723ZG.dir/Core/Src/main.c.obj (HAL_PWREx_ConfigSupply)
libdrivers.a(stm32h7xx_hal.c.obj)
                              libdrivers.a(stm32h7xx_hal_rcc.c.obj) (uwTickPrio)
libdrivers.a(stm32h7xx_hal_sai.c.obj)
                              CMakeFiles/NUCLEOH723ZG.dir/Core/Src/main.c.obj (HAL_SAI_Init)
libdrivers.a(stm32h7xx_hal_uart.c.obj)
                              CMakeFiles/NUCLEOH723ZG.dir/Core/Src/main.c.obj (HAL_UART_Init)
libdrivers.a(stm32h7xx_hal_uart_ex.c.obj)
                              libdrivers.a(stm32h7xx_hal_uart.c.obj) (HAL_UARTEx_WakeupCallback)
libdrivers.a(clock.c.obj)     CMakeFiles/usart_echo.dir/src/apps/usart_echo/app_main.c.obj (clock_delay_ms)
libdrivers.a(console.c.obj)   CMakeFiles/usart_echo.dir/src/apps/usart_echo/app_main.c.obj (console_init)
libdrivers.a(stm32h7xx_hal_cortex.c.obj)
                              libdrivers.a(stm32h7xx_hal.c.obj) (HAL_NVIC_SetPriorityGrouping)
libdrivers.a(stm32h7xx_hal_dma.c.obj)
                              libdrivers.a(stm32h7xx_hal_sai.c.obj) (HAL_DMA_Start_IT)
libdrivers.a(stm32h7xx_hal_pwr.c.obj)
                              libdrivers.a(stm32h7xx_hal_pwr_ex.c.obj) (HAL_PWR_PVDCallback)
/usr/lib/gcc/arm-none-eabi/16.1.0/thumb/v7e-m+dp/hard/libgcc.a(_aeabi_uldivmod.o)
                              libdrivers.a(stm32h7xx_hal_uart.c.obj) (__aeabi_uldivmod)
/usr/lib/gcc/arm-none-eabi/16.1.0/thumb/v7e-m+dp/hard/libgcc.a(_udivmoddi4.o)
                              /usr/lib/gcc/arm-none-eabi/16.1.0/thumb/v7e-m+dp/hard/libgcc.a(_aeabi_uldivmod.o) (__udivmoddi4)
/usr/lib/gcc/arm-none-eabi/16.1.0/thumb/v7e-m+dp/hard/libgcc.a(_dvmd_tls.o)
                              /usr/lib/gcc/arm-none-eabi/16.1.0/thumb/v7e-m+dp/hard/libgcc.a(_aeabi_uldivmod.o) (__aeabi_ldiv0)
/usr/lib/gcc/arm-none-eabi/16.1.0/../../../../arm-none-eabi/lib/thumb/v7e-m+dp/hard/libg_nano.a(libc_a-atexit.o)
                              /usr/lib/gcc/arm-none-eabi/16.1.0/../../../../arm-none-eabi/lib/thumb/v7e-m+dp/hard/crt0.o (atexit)
/usr/lib/gcc/arm-none-eabi/16.1.0/../../../../arm-none-eabi/lib/thumb/v7e-m+dp/hard/libg_nano.a(libc_a-exit.o)
                              /usr/lib/gcc/arm-none-eabi/16.1.0/../../../../arm-none-eabi/lib/thumb/v7e-m+dp/hard/crt0.o (exit)
/usr/lib/gcc/arm-none-eabi/16.1.0/../../../../arm-none-eabi/lib/thumb/v7e-m+dp/hard/libg_nano.a(libc_a-findfp.o)
                              /usr/lib/gcc/arm-none-eabi/16.1.0/../../../../arm-none-eabi/lib/thumb/v7e-m+dp/hard/libg_nano.a(libc_a-exit.o) (__stdio_exit_handler)
/usr/lib/gcc/arm-none-eabi/16.1.0/../../../../arm-none-eabi/lib/thumb/v7e-m+dp/hard/libg_nano.a(libc_a-fwalk.o)
                              /usr/lib/gcc/arm-none-eabi/16.1.0/../../../../arm-none-eabi/lib/thumb/v7e-m+dp/hard/libg_nano.a(libc_a-findfp.o) (_fwalk_sglue)
/usr/lib/gcc/arm-none-eabi/16.1.0/../../../../arm-none-eabi/lib/thumb/v7e-m+dp/hard/libg_nano.a(libc_a-printf.o)
                              CMakeFiles/usart_echo.dir/src/apps/usart_echo/app_main.c.obj (printf)
/usr/lib/gcc/arm-none-eabi/16.1.0/../../../../arm-none-eabi/lib/thumb/v7e-m+dp/hard/libg_nano.a(libc_a-setvbuf.o)
                              libdrivers.a(console.c.obj) (setvbuf)
/usr/lib/gcc/arm-none-eabi/16.1.0/../../../../arm-none-eabi/lib/thumb/v7e-m+dp/hard/libg_nano.a(libc_a-stdio.o)
                              /usr/lib/gcc/arm-none-eabi/16.1.0/../../../../arm-none-eabi/lib/thumb/v7e-m+dp/hard/libg_nano.a(libc_a-findfp.o) (__sread)
/usr/lib/gcc/arm-none-eabi/16.1.0/../../../../arm-none-eabi/lib/thumb/v7e-m+dp/hard/libg_nano.a(libc_a-memset.o)
                              /usr/lib/gcc/arm-none-eabi/16.1.0/../../../../arm-none-eabi/lib/thumb/v7e-m+dp/hard/crt0.o (memset)
/usr/lib/gcc/arm-none-eabi/16.1.0/../../../../arm-none-eabi/lib/thumb/v7e-m+dp/hard/libg_nano.a(libc_a-closer.o)
                              /usr/lib/gcc/arm-none-eabi/16.1.0/../../../../arm-none-eabi/lib/thumb/v7e-m+dp/hard/libg_nano.a(libc_a-stdio.o) (_close_r)
/usr/lib/gcc/arm-none-eabi/16.1.0/../../../../arm-none-eabi/lib/thumb/v7e-m+dp/hard/libg_nano.a(libc_a-reent.o)
                              /usr/lib/gcc/arm-none-eabi/16.1.0/../../../../arm-none-eabi/lib/thumb/v7e-m+dp/hard/libg_nano.a(libc_a-closer.o) (errno)
[...]
Memory Configuration

Name             Origin             Length             Attributes
DTCMRAM          0x20000000         0x00020000         xrw
RAM_D1           0x24000000         0x00050000         xrw
RAM_D2           0x30000000         0x00008000         xrw
RAM_D3           0x38000000         0x00004000         xrw
ITCMRAM          0x00000000         0x00010000         xrw
FLASH            0x08000000         0x00100000         xr
*default*        0x00000000         0xffffffff

Linker script and memory map

LOAD /usr/lib/gcc/arm-none-eabi/16.1.0/thumb/v7e-m+dp/hard/crti.o
LOAD /usr/lib/gcc/arm-none-eabi/16.1.0/thumb/v7e-m+dp/hard/crtbegin.o
LOAD /usr/lib/gcc/arm-none-eabi/16.1.0/../../../../arm-none-eabi/lib/thumb/v7e-m+dp/hard/crt0.o
LOAD CMakeFiles/NUCLEOH723ZG.dir/Core/Src/main.c.obj
LOAD CMakeFiles/NUCLEOH723ZG.dir/Core/Src/stm32h7xx_it.c.obj
LOAD CMakeFiles/NUCLEOH723ZG.dir/Core/Src/stm32h7xx_hal_msp.c.obj
LOAD CMakeFiles/NUCLEOH723ZG.dir/Core/Src/sysmem.c.obj
LOAD CMakeFiles/NUCLEOH723ZG.dir/Core/Src/syscalls.c.obj
LOAD CMakeFiles/NUCLEOH723ZG.dir/startup_stm32h723xx.s.obj
LOAD CMakeFiles/usart_echo.dir/src/apps/usart_echo/app_main.c.obj
LOAD libdrivers.a
LOAD /usr/lib/gcc/arm-none-eabi/16.1.0/../../../../arm-none-eabi/lib/thumb/v7e-m+dp/hard/libm.a
START GROUP
LOAD /usr/lib/gcc/arm-none-eabi/16.1.0/thumb/v7e-m+dp/hard/libgcc.a
LOAD /usr/lib/gcc/arm-none-eabi/16.1.0/../../../../arm-none-eabi/lib/thumb/v7e-m+dp/hard/libg_nano.a
LOAD /usr/lib/gcc/arm-none-eabi/16.1.0/../../../../arm-none-eabi/lib/thumb/v7e-m+dp/hard/libc_nano.a
END GROUP
START GROUP
LOAD /usr/lib/gcc/arm-none-eabi/16.1.0/thumb/v7e-m+dp/hard/libgcc.a
LOAD /usr/lib/gcc/arm-none-eabi/16.1.0/../../../../arm-none-eabi/lib/thumb/v7e-m+dp/hard/libc_nano.a
END GROUP
LOAD /usr/lib/gcc/arm-none-eabi/16.1.0/thumb/v7e-m+dp/hard/crtend.o
LOAD /usr/lib/gcc/arm-none-eabi/16.1.0/thumb/v7e-m+dp/hard/crtn.o
                0x20020000                        _estack = (ORIGIN (DTCMRAM) + LENGTH (DTCMRAM))
                0x2001fc00                        _sstack = (_estack - _Min_Stack_Size)
                0x00000200                        _Min_Heap_Size = 0x200
                0x00000400                        _Min_Stack_Size = 0x400

.isr_vector     0x08000000      0x2cc
                0x08000000                        . = ALIGN (0x4)
 *(.isr_vector)
 .isr_vector    0x08000000      0x2cc CMakeFiles/NUCLEOH723ZG.dir/startup_stm32h723xx.s.obj
                0x08000000                g_pfnVectors
                0x080002cc                        . = ALIGN (0x4)

.text           0x080002d0     0x70e4
                0x080002d0                        . = ALIGN (0x4)
 *(.text)
 .text          0x080002d0       0x30 /usr/lib/gcc/arm-none-eabi/16.1.0/thumb/v7e-m+dp/hard/libgcc.a(_aeabi_uldivmod.o)
                0x080002d0                __aeabi_uldivmod
 .text          0x08000300        0x4 /usr/lib/gcc/arm-none-eabi/16.1.0/thumb/v7e-m+dp/hard/libgcc.a(_dvmd_tls.o)
                0x08000300                __aeabi_ldiv0
                0x08000300                __aeabi_idiv0
 *fill*         0x08000304        0xc 
 .text          0x08000310       0xa0 /usr/lib/gcc/arm-none-eabi/16.1.0/../../../../arm-none-eabi/lib/thumb/v7e-m+dp/hard/libg_nano.a(libc_a-memchr.o)
                0x08000310                memchr
 *(.text*)
 .text.__do_global_dtors_aux
                0x080003b0       0x24 /usr/lib/gcc/arm-none-eabi/16.1.0/thumb/v7e-m+dp/hard/crtbegin.o
 .text.frame_dummy
                0x080003d4       0x1c /usr/lib/gcc/arm-none-eabi/16.1.0/thumb/v7e-m+dp/hard/crtbegin.o
 .text.main     0x080003f0       0x20 CMakeFiles/NUCLEOH723ZG.dir/Core/Src/main.c.obj
                0x080003f0                main
 .text.SystemClock_Config
                0x08000410       0xe0 CMakeFiles/NUCLEOH723ZG.dir/Core/Src/main.c.obj
                0x08000410                SystemClock_Config
 .text.MX_SAI1_Init
                0x080004f0      0x188 CMakeFiles/NUCLEOH723ZG.dir/Core/Src/main.c.obj
 .text.MX_USART3_UART_Init
                0x08000678       0x98 CMakeFiles/NUCLEOH723ZG.dir/Core/Src/main.c.obj
 .text.MX_GPIO_Init
                0x08000710       0x70 CMakeFiles/NUCLEOH723ZG.dir/Core/Src/main.c.obj
 .text.Error_Handler
                0x08000780        0xc CMakeFiles/NUCLEOH723ZG.dir/Core/Src/main.c.obj
                0x08000780                Error_Handler
 .text.NMI_Handler
                0x0800078c        0x8 CMakeFiles/NUCLEOH723ZG.dir/Core/Src/stm32h7xx_it.c.obj
                0x0800078c                NMI_Handler
 .text.HardFault_Handler
                0x08000794        0x8 CMakeFiles/NUCLEOH723ZG.dir/Core/Src/stm32h7xx_it.c.obj
                0x08000794                HardFault_Handler
 .text.MemManage_Handler
                0x0800079c        0x8 CMakeFiles/NUCLEOH723ZG.dir/Core/Src/stm32h7xx_it.c.obj
                0x0800079c                MemManage_Handler
 .text.BusFault_Handler
                0x080007a4        0x8 CMakeFiles/NUCLEOH723ZG.dir/Core/Src/stm32h7xx_it.c.obj
                0x080007a4                BusFault_Handler
 .text.UsageFault_Handler
                0x080007ac        0x8 CMakeFiles/NUCLEOH723ZG.dir/Core/Src/stm32h7xx_it.c.obj
                0x080007ac                UsageFault_Handler
 .text.SVC_Handler
                0x080007b4        0xc CMakeFiles/NUCLEOH723ZG.dir/Core/Src/stm32h7xx_it.c.obj
                0x080007b4                SVC_Handler
 .text.DebugMon_Handler
                0x080007c0        0xc CMakeFiles/NUCLEOH723ZG.dir/Core/Src/stm32h7xx_it.c.obj
                0x080007c0                DebugMon_Handler
 .text.PendSV_Handler
                0x080007cc        0xc CMakeFiles/NUCLEOH723ZG.dir/Core/Src/stm32h7xx_it.c.obj
                0x080007cc                PendSV_Handler
 .text.SysTick_Handler
                0x080007d8        0xc CMakeFiles/NUCLEOH723ZG.dir/Core/Src/stm32h7xx_it.c.obj
                0x080007d8                SysTick_Handler
 .text.HAL_MspInit
                0x080007e4       0x34 CMakeFiles/NUCLEOH723ZG.dir/Core/Src/stm32h7xx_hal_msp.c.obj
                0x080007e4                HAL_MspInit
 .text.HAL_UART_MspInit
                0x08000818       0xd4 CMakeFiles/NUCLEOH723ZG.dir/Core/Src/stm32h7xx_hal_msp.c.obj
                0x08000818                HAL_UART_MspInit
 .text.HAL_SAI_MspInit
                0x080008ec      0x174 CMakeFiles/NUCLEOH723ZG.dir/Core/Src/stm32h7xx_hal_msp.c.obj
                0x080008ec                HAL_SAI_MspInit
 .text._sbrk    0x08000a60       0x6c CMakeFiles/NUCLEOH723ZG.dir/Core/Src/sysmem.c.obj
                0x08000a60                _sbrk
 .text._read    0x08000acc       0x3a CMakeFiles/NUCLEOH723ZG.dir/Core/Src/syscalls.c.obj
                0x08000acc                _read
 .text._write   0x08000b06       0x38 CMakeFiles/NUCLEOH723ZG.dir/Core/Src/syscalls.c.obj
                0x08000b06                _write
 .text._close   0x08000b3e       0x16 CMakeFiles/NUCLEOH723ZG.dir/Core/Src/syscalls.c.obj
                0x08000b3e                _close
 .text._fstat   0x08000b54       0x1e CMakeFiles/NUCLEOH723ZG.dir/Core/Src/syscalls.c.obj
                0x08000b54                _fstat
 .text._isatty  0x08000b72       0x14 CMakeFiles/NUCLEOH723ZG.dir/Core/Src/syscalls.c.obj
                0x08000b72                _isatty
 .text._lseek   0x08000b86       0x18 CMakeFiles/NUCLEOH723ZG.dir/Core/Src/syscalls.c.obj
                0x08000b86                _lseek
 *fill*         0x08000b9e        0x2 
 .text.Reset_Handler
                0x08000ba0       0x54 CMakeFiles/NUCLEOH723ZG.dir/startup_stm32h723xx.s.obj
                0x08000ba0                Reset_Handler
 .text.Default_Handler
                0x08000bf4        0x2 CMakeFiles/NUCLEOH723ZG.dir/startup_stm32h723xx.s.obj
                0x08000bf4                RTC_Alarm_IRQHandler
                0x08000bf4                EXTI2_IRQHandler
                0x08000bf4                TIM8_CC_IRQHandler
                0x08000bf4                UART8_IRQHandler
                0x08000bf4                SPI4_IRQHandler
                0x08000bf4                FDCAN3_IT0_IRQHandler
                0x08000bf4                TIM1_CC_IRQHandler
                0x08000bf4                BDMA_Channel6_IRQHandler
                0x08000bf4                DMA2_Stream5_IRQHandler
                0x08000bf4                DMA1_Stream5_IRQHandler
                0x08000bf4                CORDIC_IRQHandler
                0x08000bf4                BDMA_Channel1_IRQHandler
                0x08000bf4                TAMP_STAMP_IRQHandler
                0x08000bf4                EXTI3_IRQHandler
                0x08000bf4                LPTIM4_IRQHandler
                0x08000bf4                TIM8_TRG_COM_TIM14_IRQHandler
                0x08000bf4                LPTIM2_IRQHandler
                0x08000bf4                DFSDM1_FLT1_IRQHandler
                0x08000bf4                DMAMUX2_OVR_IRQHandler
                0x08000bf4                TIM8_UP_TIM13_IRQHandler
                0x08000bf4                I2C3_ER_IRQHandler
                0x08000bf4                DFSDM1_FLT2_IRQHandler
                0x08000bf4                I2C5_EV_IRQHandler
                0x08000bf4                USART10_IRQHandler
                0x08000bf4                MDMA_IRQHandler
                0x08000bf4                LPTIM3_IRQHandler
                0x08000bf4                HSEM1_IRQHandler
                0x08000bf4                EXTI0_IRQHandler
                0x08000bf4                I2C2_EV_IRQHandler
                0x08000bf4                DMA1_Stream2_IRQHandler
                0x08000bf4                FPU_IRQHandler
                0x08000bf4                OTG_HS_WKUP_IRQHandler
                0x08000bf4                FDCAN1_IT1_IRQHandler
                0x08000bf4                LTDC_ER_IRQHandler
                0x08000bf4                DMA2_Stream2_IRQHandler
                0x08000bf4                SPI1_IRQHandler
                0x08000bf4                OCTOSPI1_IRQHandler
                0x08000bf4                TIM6_DAC_IRQHandler
                0x08000bf4                DMA2_Stream3_IRQHandler
                0x08000bf4                OCTOSPI2_IRQHandler
                0x08000bf4                DFSDM1_FLT3_IRQHandler
                0x08000bf4                TIM23_IRQHandler
                0x08000bf4                USART6_IRQHandler
                0x08000bf4                TIM17_IRQHandler
                0x08000bf4                USART3_IRQHandler
                0x08000bf4                BDMA_Channel7_IRQHandler
                0x08000bf4                LPTIM5_IRQHandler
                0x08000bf4                UART5_IRQHandler
                0x08000bf4                ADC3_IRQHandler
                0x08000bf4                DMA2_Stream0_IRQHandler
                0x08000bf4                TIM4_IRQHandler
                0x08000bf4                BDMA_Channel2_IRQHandler
                0x08000bf4                I2C1_EV_IRQHandler
                0x08000bf4                DMA1_Stream6_IRQHandler
                0x08000bf4                DMAMUX1_OVR_IRQHandler
                0x08000bf4                DMA1_Stream1_IRQHandler
                0x08000bf4                TIM16_IRQHandler
                0x08000bf4                UART4_IRQHandler
                0x08000bf4                BDMA_Channel5_IRQHandler
                0x08000bf4                TIM3_IRQHandler
                0x08000bf4                RCC_IRQHandler
                0x08000bf4                UART9_IRQHandler
                0x08000bf4                TIM8_BRK_TIM12_IRQHandler
                0x08000bf4                TIM1_TRG_COM_IRQHandler
                0x08000bf4                Default_Handler
                0x08000bf4                ECC_IRQHandler
                0x08000bf4                FMAC_IRQHandler
                0x08000bf4                CEC_IRQHandler
                0x08000bf4                EXTI15_10_IRQHandler
                0x08000bf4                BDMA_Channel0_IRQHandler
                0x08000bf4                ADC_IRQHandler
                0x08000bf4                I2C5_ER_IRQHandler
                0x08000bf4                DMA1_Stream7_IRQHandler
                0x08000bf4                SPI5_IRQHandler
                0x08000bf4                TIM7_IRQHandler
                0x08000bf4                FDCAN3_IT1_IRQHandler
                0x08000bf4                SDMMC1_IRQHandler
                0x08000bf4                TIM5_IRQHandler
                0x08000bf4                DMA2_Stream7_IRQHandler
                0x08000bf4                TIM15_IRQHandler
                0x08000bf4                PVD_AVD_IRQHandler
                0x08000bf4                I2C3_EV_IRQHandler
                0x08000bf4                EXTI9_5_IRQHandler
                0x08000bf4                RTC_WKUP_IRQHandler
                0x08000bf4                LTDC_IRQHandler
                0x08000bf4                ETH_WKUP_IRQHandler
                0x08000bf4                SPDIF_RX_IRQHandler
                0x08000bf4                SPI2_IRQHandler
                0x08000bf4                OTG_HS_EP1_IN_IRQHandler
                0x08000bf4                DMA1_Stream0_IRQHandler
                0x08000bf4                TIM24_IRQHandler
                0x08000bf4                CRS_IRQHandler
                0x08000bf4                EXTI4_IRQHandler
                0x08000bf4                RNG_IRQHandler
                0x08000bf4                FDCAN2_IT1_IRQHandler
                0x08000bf4                ETH_IRQHandler
                0x08000bf4                TIM1_UP_IRQHandler
                0x08000bf4                BDMA_Channel4_IRQHandler
                0x08000bf4                OTG_HS_EP1_OUT_IRQHandler
                0x08000bf4                WWDG_IRQHandler
                0x08000bf4                SPI6_IRQHandler
                0x08000bf4                MDIOS_IRQHandler
                0x08000bf4                I2C4_EV_IRQHandler
                0x08000bf4                FDCAN2_IT0_IRQHandler
                0x08000bf4                LPUART1_IRQHandler
                0x08000bf4                FDCAN1_IT0_IRQHandler
                0x08000bf4                TIM2_IRQHandler
                0x08000bf4                OTG_HS_IRQHandler
                0x08000bf4                DMA2D_IRQHandler
                0x08000bf4                TIM1_BRK_IRQHandler
                0x08000bf4                EXTI1_IRQHandler
                0x08000bf4                SDMMC2_IRQHandler
                0x08000bf4                BDMA_Channel3_IRQHandler
                0x08000bf4                DTS_IRQHandler
                0x08000bf4                UART7_IRQHandler
                0x08000bf4                MDIOS_WKUP_IRQHandler
                0x08000bf4                USART2_IRQHandler
                0x08000bf4                DFSDM1_FLT0_IRQHandler
                0x08000bf4                SAI4_IRQHandler
                0x08000bf4                I2C2_ER_IRQHandler
                0x08000bf4                DMA2_Stream1_IRQHandler
                0x08000bf4                FLASH_IRQHandler
                0x08000bf4                DMA2_Stream4_IRQHandler
                0x08000bf4                USART1_IRQHandler
                0x08000bf4                SPI3_IRQHandler
                0x08000bf4                WAKEUP_PIN_IRQHandler
                0x08000bf4                DMA1_Stream4_IRQHandler
                0x08000bf4                I2C1_ER_IRQHandler
                0x08000bf4                FMC_IRQHandler
                0x08000bf4                FDCAN_CAL_IRQHandler
                0x08000bf4                SWPMI1_IRQHandler
                0x08000bf4                COMP1_IRQHandler
                0x08000bf4                LPTIM1_IRQHandler
                0x08000bf4                DCMI_PSSI_IRQHandler
                0x08000bf4                I2C4_ER_IRQHandler
                0x08000bf4                DMA2_Stream6_IRQHandler
                0x08000bf4                SAI1_IRQHandler
                0x08000bf4                DMA1_Stream3_IRQHandler
 *fill*         0x08000bf6        0x2 
 .text.app_main
                0x08000bf8       0x24 CMakeFiles/usart_echo.dir/src/apps/usart_echo/app_main.c.obj
                0x08000bf8                app_main
 .text.SystemInit
                0x08000c1c      0x11c libdrivers.a(system_stm32h7xx.c.obj)
                0x08000c1c                SystemInit
 .text.ExitRun0Mode
                0x08000d38       0x18 libdrivers.a(system_stm32h7xx.c.obj)
                0x08000d38                ExitRun0Mode
 .text.HAL_RCC_OscConfig
                0x08000d50      0x7b4 libdrivers.a(stm32h7xx_hal_rcc.c.obj)
                0x08000d50                HAL_RCC_OscConfig
 .text.HAL_RCC_ClockConfig
                0x08001504      0x36c libdrivers.a(stm32h7xx_hal_rcc.c.obj)
                0x08001504                HAL_RCC_ClockConfig
 .text.HAL_RCC_GetSysClockFreq
                0x08001870      0x29c libdrivers.a(stm32h7xx_hal_rcc.c.obj)
                0x08001870                HAL_RCC_GetSysClockFreq
 .text.HAL_RCC_GetHCLKFreq
                0x08001b0c       0x60 libdrivers.a(stm32h7xx_hal_rcc.c.obj)
                0x08001b0c                HAL_RCC_GetHCLKFreq
 .text.HAL_RCC_GetPCLK1Freq
                0x08001b6c       0x2c libdrivers.a(stm32h7xx_hal_rcc.c.obj)
                0x08001b6c                HAL_RCC_GetPCLK1Freq
 .text.HAL_RCC_GetPCLK2Freq
                0x08001b98       0x2c libdrivers.a(stm32h7xx_hal_rcc.c.obj)
                0x08001b98                HAL_RCC_GetPCLK2Freq
 .text.HAL_RCCEx_PeriphCLKConfig
                0x08001bc4     0x12f0 libdrivers.a(stm32h7xx_hal_rcc_ex.c.obj)
                0x08001bc4                HAL_RCCEx_PeriphCLKConfig
 .text.HAL_RCCEx_GetPeriphCLKFreq
                0x08002eb4      0x9bc libdrivers.a(stm32h7xx_hal_rcc_ex.c.obj)
                0x08002eb4                HAL_RCCEx_GetPeriphCLKFreq
 .text.HAL_RCCEx_GetD3PCLK1Freq
                0x08003870       0x2c libdrivers.a(stm32h7xx_hal_rcc_ex.c.obj)
                0x08003870                HAL_RCCEx_GetD3PCLK1Freq
 .text.HAL_RCCEx_GetPLL2ClockFreq
                0x0800389c      0x2a4 libdrivers.a(stm32h7xx_hal_rcc_ex.c.obj)
                0x0800389c                HAL_RCCEx_GetPLL2ClockFreq
 .text.HAL_RCCEx_GetPLL3ClockFreq
                0x08003b40      0x2a4 libdrivers.a(stm32h7xx_hal_rcc_ex.c.obj)
                0x08003b40                HAL_RCCEx_GetPLL3ClockFreq
 .text.HAL_RCCEx_GetPLL1ClockFreq
                0x08003de4      0x2a4 libdrivers.a(stm32h7xx_hal_rcc_ex.c.obj)
                0x08003de4                HAL_RCCEx_GetPLL1ClockFreq
 .text.RCCEx_PLL2_Config
                0x08004088      0x164 libdrivers.a(stm32h7xx_hal_rcc_ex.c.obj)
 .text.RCCEx_PLL3_Config
                0x080041ec      0x164 libdrivers.a(stm32h7xx_hal_rcc_ex.c.obj)
 .text.HAL_GPIO_Init
                0x08004350      0x364 libdrivers.a(stm32h7xx_hal_gpio.c.obj)
                0x08004350                HAL_GPIO_Init
 .text.HAL_PWREx_ConfigSupply
                0x080046b4       0x74 libdrivers.a(stm32h7xx_hal_pwr_ex.c.obj)
                0x080046b4                HAL_PWREx_ConfigSupply
 .text.HAL_Init
                0x08004728       0x78 libdrivers.a(stm32h7xx_hal.c.obj)
                0x08004728                HAL_Init
 .text.HAL_InitTick
                0x080047a0       0x6c libdrivers.a(stm32h7xx_hal.c.obj)
                0x080047a0                HAL_InitTick
 .text.HAL_IncTick
                0x0800480c       0x24 libdrivers.a(stm32h7xx_hal.c.obj)
                0x0800480c                HAL_IncTick
 .text.HAL_GetTick
                0x08004830       0x14 libdrivers.a(stm32h7xx_hal.c.obj)
                0x08004830                HAL_GetTick
 .text.HAL_Delay
                0x08004844       0x48 libdrivers.a(stm32h7xx_hal.c.obj)
                0x08004844                HAL_Delay
 .text.HAL_SAI_Init
                0x0800488c      0x42c libdrivers.a(stm32h7xx_hal_sai.c.obj)
                0x0800488c                HAL_SAI_Init
 .text.SAI_Disable
                0x08004cb8       0x70 libdrivers.a(stm32h7xx_hal_sai.c.obj)
 .text.HAL_UART_Init
                0x08004d28       0xa0 libdrivers.a(stm32h7xx_hal_uart.c.obj)
                0x08004d28                HAL_UART_Init
 .text.HAL_UART_Transmit
                0x08004dc8      0x12e libdrivers.a(stm32h7xx_hal_uart.c.obj)
                0x08004dc8                HAL_UART_Transmit
 *fill*         0x08004ef6        0x2 
 .text.UART_SetConfig
                0x08004ef8      0x9a8 libdrivers.a(stm32h7xx_hal_uart.c.obj)
                0x08004ef8                UART_SetConfig
 .text.UART_AdvFeatureConfig
                0x080058a0      0x142 libdrivers.a(stm32h7xx_hal_uart.c.obj)
                0x080058a0                UART_AdvFeatureConfig
 .text.UART_CheckIdleState
                0x080059e2      0x154 libdrivers.a(stm32h7xx_hal_uart.c.obj)
                0x080059e2                UART_CheckIdleState
 .text.UART_WaitOnFlagUntilTimeout
                0x08005b36       0xda libdrivers.a(stm32h7xx_hal_uart.c.obj)
                0x08005b36                UART_WaitOnFlagUntilTimeout
 .text.UART_EndRxTransfer
                0x08005c10       0xca libdrivers.a(stm32h7xx_hal_uart.c.obj)
 .text.HAL_UARTEx_DisableFifoMode
                0x08005cda       0x70 libdrivers.a(stm32h7xx_hal_uart_ex.c.obj)
                0x08005cda                HAL_UARTEx_DisableFifoMode
 .text.HAL_UARTEx_SetTxFifoThreshold
                0x08005d4a       0x7c libdrivers.a(stm32h7xx_hal_uart_ex.c.obj)
                0x08005d4a                HAL_UARTEx_SetTxFifoThreshold
 .text.HAL_UARTEx_SetRxFifoThreshold
                0x08005dc6       0x7c libdrivers.a(stm32h7xx_hal_uart_ex.c.obj)
                0x08005dc6                HAL_UARTEx_SetRxFifoThreshold
 *fill*         0x08005e42        0x2 
 .text.UARTEx_SetNbDataToProcess
                0x08005e44       0x98 libdrivers.a(stm32h7xx_hal_uart_ex.c.obj)
 .text.clock_delay_ms
                0x08005edc       0x16 libdrivers.a(clock.c.obj)
                0x08005edc                clock_delay_ms
 .text.clock_millis
                0x08005ef2        0xe libdrivers.a(clock.c.obj)
                0x08005ef2                clock_millis
 .text.console_init
                0x08005f00       0x1c libdrivers.a(console.c.obj)
                0x08005f00                console_init
 .text.__io_putchar
                0x08005f1c       0x24 libdrivers.a(console.c.obj)
                0x08005f1c                __io_putchar
 .text.__NVIC_SetPriorityGrouping
                0x08005f40       0x48 libdrivers.a(stm32h7xx_hal_cortex.c.obj)
 .text.__NVIC_GetPriorityGrouping
                0x08005f88       0x1c libdrivers.a(stm32h7xx_hal_cortex.c.obj)
 .text.__NVIC_SetPriority
                0x08005fa4       0x54 libdrivers.a(stm32h7xx_hal_cortex.c.obj)
 .text.NVIC_EncodePriority
                0x08005ff8       0x6e libdrivers.a(stm32h7xx_hal_cortex.c.obj)
 *fill*         0x08006066        0x2 
 .text.SysTick_Config
                0x08006068       0x44 libdrivers.a(stm32h7xx_hal_cortex.c.obj)
 .text.HAL_NVIC_SetPriorityGrouping
                0x080060ac       0x16 libdrivers.a(stm32h7xx_hal_cortex.c.obj)
                0x080060ac                HAL_NVIC_SetPriorityGrouping
 .text.HAL_NVIC_SetPriority
                0x080060c2       0x34 libdrivers.a(stm32h7xx_hal_cortex.c.obj)
                0x080060c2                HAL_NVIC_SetPriority
 .text.HAL_SYSTICK_Config
                0x080060f6       0x18 libdrivers.a(stm32h7xx_hal_cortex.c.obj)
                0x080060f6                HAL_SYSTICK_Config
 .text.__udivmoddi4
                0x0800610e      0x2b8 /usr/lib/gcc/arm-none-eabi/16.1.0/thumb/v7e-m+dp/hard/libgcc.a(_udivmoddi4.o)
                0x0800610e                __udivmoddi4
 *fill*         0x080063c6        0x2 
 .text.std      0x080063c8       0x6c /usr/lib/gcc/arm-none-eabi/16.1.0/../../../../arm-none-eabi/lib/thumb/v7e-m+dp/hard/libg_nano.a(libc_a-findfp.o)
 .text.stdio_exit_handler
                0x08006434       0x18 /usr/lib/gcc/arm-none-eabi/16.1.0/../../../../arm-none-eabi/lib/thumb/v7e-m+dp/hard/libg_nano.a(libc_a-findfp.o)
 .text.cleanup_stdio
                0x0800644c       0x40 /usr/lib/gcc/arm-none-eabi/16.1.0/../../../../arm-none-eabi/lib/thumb/v7e-m+dp/hard/libg_nano.a(libc_a-findfp.o)
 .text.global_stdio_init.part.0
                0x0800648c       0x40 /usr/lib/gcc/arm-none-eabi/16.1.0/../../../../arm-none-eabi/lib/thumb/v7e-m+dp/hard/libg_nano.a(libc_a-findfp.o)
 .text.__sfp_lock_acquire
                0x080064cc        0xc /usr/lib/gcc/arm-none-eabi/16.1.0/../../../../arm-none-eabi/lib/thumb/v7e-m+dp/hard/libg_nano.a(libc_a-findfp.o)
                0x080064cc                __sfp_lock_acquire
 .text.__sfp_lock_release
                0x080064d8        0xc /usr/lib/gcc/arm-none-eabi/16.1.0/../../../../arm-none-eabi/lib/thumb/v7e-m+dp/hard/libg_nano.a(libc_a-findfp.o)
                0x080064d8                __sfp_lock_release
 .text.__sinit  0x080064e4       0x30 /usr/lib/gcc/arm-none-eabi/16.1.0/../../../../arm-none-eabi/lib/thumb/v7e-m+dp/hard/libg_nano.a(libc_a-findfp.o)
                0x080064e4                __sinit
 .text._fwalk_sglue
                0x08006514       0x3a /usr/lib/gcc/arm-none-eabi/16.1.0/../../../../arm-none-eabi/lib/thumb/v7e-m+dp/hard/libg_nano.a(libc_a-fwalk.o)
                0x08006514                _fwalk_sglue
 *fill*         0x0800654e        0x2 
 .text.printf   0x08006550       0x24 /usr/lib/gcc/arm-none-eabi/16.1.0/../../../../arm-none-eabi/lib/thumb/v7e-m+dp/hard/libg_nano.a(libc_a-printf.o)
                0x08006550                printf
                0x08006550                iprintf
 .text.setvbuf  0x08006574      0x15c /usr/lib/gcc/arm-none-eabi/16.1.0/../../../../arm-none-eabi/lib/thumb/v7e-m+dp/hard/libg_nano.a(libc_a-setvbuf.o)
                0x08006574                setvbuf
 .text.__sread  0x080066d0       0x22 /usr/lib/gcc/arm-none-eabi/16.1.0/../../../../arm-none-eabi/lib/thumb/v7e-m+dp/hard/libg_nano.a(libc_a-stdio.o)
                0x080066d0                __sread
 .text.__swrite
                0x080066f2       0x38 /usr/lib/gcc/arm-none-eabi/16.1.0/../../../../arm-none-eabi/lib/thumb/v7e-m+dp/hard/libg_nano.a(libc_a-stdio.o)
                0x080066f2                __swrite
 .text.__sseek  0x0800672a       0x26 /usr/lib/gcc/arm-none-eabi/16.1.0/../../../../arm-none-eabi/lib/thumb/v7e-m+dp/hard/libg_nano.a(libc_a-stdio.o)
                0x0800672a                __sseek
 .text.__sclose
                0x08006750        0x8 /usr/lib/gcc/arm-none-eabi/16.1.0/../../../../arm-none-eabi/lib/thumb/v7e-m+dp/hard/libg_nano.a(libc_a-stdio.o)
                0x08006750                __sclose
 .text.memset   0x08006758       0x10 /usr/lib/gcc/arm-none-eabi/16.1.0/../../../../arm-none-eabi/lib/thumb/v7e-m+dp/hard/libg_nano.a(libc_a-memset.o)
                0x08006758                memset
 .text._close_r
                0x08006768       0x20 /usr/lib/gcc/arm-none-eabi/16.1.0/../../../../arm-none-eabi/lib/thumb/v7e-m+dp/hard/libg_nano.a(libc_a-closer.o)
                0x08006768                _close_r
 .text._lseek_r
                0x08006788       0x24 /usr/lib/gcc/arm-none-eabi/16.1.0/../../../../arm-none-eabi/lib/thumb/v7e-m+dp/hard/libg_nano.a(libc_a-lseekr.o)
                0x08006788                _lseek_r
 .text._read_r  0x080067ac       0x24 /usr/lib/gcc/arm-none-eabi/16.1.0/../../../../arm-none-eabi/lib/thumb/v7e-m+dp/hard/libg_nano.a(libc_a-readr.o)
                0x080067ac                _read_r
 .text._write_r
                0x080067d0       0x24 /usr/lib/gcc/arm-none-eabi/16.1.0/../../../../arm-none-eabi/lib/thumb/v7e-m+dp/hard/libg_nano.a(libc_a-writer.o)
                0x080067d0                _write_r
 .text.__errno  0x080067f4        0xc /usr/lib/gcc/arm-none-eabi/16.1.0/../../../../arm-none-eabi/lib/thumb/v7e-m+dp/hard/libg_nano.a(libc_a-errno.o)
                0x080067f4                __errno
 .text.__libc_init_array
                0x08006800       0x48 /usr/lib/gcc/arm-none-eabi/16.1.0/../../../../arm-none-eabi/lib/thumb/v7e-m+dp/hard/libg_nano.a(libc_a-init.o)
                0x08006800                __libc_init_array
 .text.__retarget_lock_init_recursive
                0x08006848        0x2 /usr/lib/gcc/arm-none-eabi/16.1.0/../../../../arm-none-eabi/lib/thumb/v7e-m+dp/hard/libg_nano.a(libc_a-lock.o)
                0x08006848                __retarget_lock_init_recursive
 .text.__retarget_lock_acquire_recursive
                0x0800684a        0x2 /usr/lib/gcc/arm-none-eabi/16.1.0/../../../../arm-none-eabi/lib/thumb/v7e-m+dp/hard/libg_nano.a(libc_a-lock.o)
                0x0800684a                __retarget_lock_acquire_recursive
 .text.__retarget_lock_release_recursive
                0x0800684c        0x2 /usr/lib/gcc/arm-none-eabi/16.1.0/../../../../arm-none-eabi/lib/thumb/v7e-m+dp/hard/libg_nano.a(libc_a-lock.o)
                0x0800684c                __retarget_lock_release_recursive
 *fill*         0x0800684e        0x2 
 .text._free_r  0x08006850       0x98 /usr/lib/gcc/arm-none-eabi/16.1.0/../../../../arm-none-eabi/lib/thumb/v7e-m+dp/hard/libg_nano.a(libc_a-freer.o)
                0x08006850                _free_r
 .text.malloc   0x080068e8       0x10 /usr/lib/gcc/arm-none-eabi/16.1.0/../../../../arm-none-eabi/lib/thumb/v7e-m+dp/hard/libg_nano.a(libc_a-malloc.o)
                0x080068e8                malloc
 .text.sbrk_aligned
                0x080068f8       0x44 /usr/lib/gcc/arm-none-eabi/16.1.0/../../../../arm-none-eabi/lib/thumb/v7e-m+dp/hard/libg_nano.a(libc_a-mallocr.o)
 .text._malloc_r
                0x0800693c      0x100 /usr/lib/gcc/arm-none-eabi/16.1.0/../../../../arm-none-eabi/lib/thumb/v7e-m+dp/hard/libg_nano.a(libc_a-mallocr.o)
                0x0800693c                _malloc_r
 .text.__malloc_lock
                0x08006a3c        0xc /usr/lib/gcc/arm-none-eabi/16.1.0/../../../../arm-none-eabi/lib/thumb/v7e-m+dp/hard/libg_nano.a(libc_a-mlock.o)
                0x08006a3c                __malloc_lock
 .text.__malloc_unlock
                0x08006a48        0xc /usr/lib/gcc/arm-none-eabi/16.1.0/../../../../arm-none-eabi/lib/thumb/v7e-m+dp/hard/libg_nano.a(libc_a-mlock.o)
                0x08006a48                __malloc_unlock
 .text.__sfputc_r
                0x08006a54       0x28 /usr/lib/gcc/arm-none-eabi/16.1.0/../../../../arm-none-eabi/lib/thumb/v7e-m+dp/hard/libg_nano.a(libc_a-nano-vfprintf.o)
 .text.__sfputs_r
                0x08006a7c       0x24 /usr/lib/gcc/arm-none-eabi/16.1.0/../../../../arm-none-eabi/lib/thumb/v7e-m+dp/hard/libg_nano.a(libc_a-nano-vfprintf.o)
                0x08006a7c                __sfputs_r
 .text._vfprintf_r
                0x08006aa0      0x22c /usr/lib/gcc/arm-none-eabi/16.1.0/../../../../arm-none-eabi/lib/thumb/v7e-m+dp/hard/libg_nano.a(libc_a-nano-vfprintf.o)
                0x08006aa0                _vfiprintf_r
                0x08006aa0                _vfprintf_r
 .text._printf_common
                0x08006ccc       0xd4 /usr/lib/gcc/arm-none-eabi/16.1.0/../../../../arm-none-eabi/lib/thumb/v7e-m+dp/hard/libg_nano.a(libc_a-nano-vfprintf_i.o)
                0x08006ccc                _printf_common
 .text._printf_i
                0x08006da0      0x258 /usr/lib/gcc/arm-none-eabi/16.1.0/../../../../arm-none-eabi/lib/thumb/v7e-m+dp/hard/libg_nano.a(libc_a-nano-vfprintf_i.o)
                0x08006da0                _printf_i
 .text.__sflush_r
                0x08006ff8      0x10c /usr/lib/gcc/arm-none-eabi/16.1.0/../../../../arm-none-eabi/lib/thumb/v7e-m+dp/hard/libg_nano.a(libc_a-fflush.o)
                0x08006ff8                __sflush_r
 .text._fflush_r
                0x08007104       0x50 /usr/lib/gcc/arm-none-eabi/16.1.0/../../../../arm-none-eabi/lib/thumb/v7e-m+dp/hard/libg_nano.a(libc_a-fflush.o)
                0x08007104                _fflush_r
 .text.__swhatbuf_r
                0x08007154       0x4c /usr/lib/gcc/arm-none-eabi/16.1.0/../../../../arm-none-eabi/lib/thumb/v7e-m+dp/hard/libg_nano.a(libc_a-makebuf.o)
                0x08007154                __swhatbuf_r
 .text.__smakebuf_r
                0x080071a0       0x72 /usr/lib/gcc/arm-none-eabi/16.1.0/../../../../arm-none-eabi/lib/thumb/v7e-m+dp/hard/libg_nano.a(libc_a-makebuf.o)
                0x080071a0                __smakebuf_r
 .text.__swbuf_r
                0x08007212       0x7e /usr/lib/gcc/arm-none-eabi/16.1.0/../../../../arm-none-eabi/lib/thumb/v7e-m+dp/hard/libg_nano.a(libc_a-wbuf.o)
                0x08007212                __swbuf_r
 .text.__swsetup_r
                0x08007290       0xa8 /usr/lib/gcc/arm-none-eabi/16.1.0/../../../../arm-none-eabi/lib/thumb/v7e-m+dp/hard/libg_nano.a(libc_a-wsetup.o)
                0x08007290                __swsetup_r
 .text._fstat_r
                0x08007338       0x24 /usr/lib/gcc/arm-none-eabi/16.1.0/../../../../arm-none-eabi/lib/thumb/v7e-m+dp/hard/libg_nano.a(libc_a-fstatr.o)
                0x08007338                _fstat_r
 .text._isatty_r
                0x0800735c       0x20 /usr/lib/gcc/arm-none-eabi/16.1.0/../../../../arm-none-eabi/lib/thumb/v7e-m+dp/hard/libg_nano.a(libc_a-isattyr.o)
                0x0800735c                _isatty_r
 .text._sbrk_r  0x0800737c       0x20 /usr/lib/gcc/arm-none-eabi/16.1.0/../../../../arm-none-eabi/lib/thumb/v7e-m+dp/hard/libg_nano.a(libc_a-sbrkr.o)
                0x0800737c                _sbrk_r
 *(.glue_7)
 .glue_7        0x0800739c        0x0 linker stubs
 *(.glue_7t)
 .glue_7t       0x0800739c        0x0 linker stubs
 *(.eh_frame)
 .eh_frame      0x0800739c        0x0 /usr/lib/gcc/arm-none-eabi/16.1.0/thumb/v7e-m+dp/hard/crtbegin.o
 *(.init)
 .init          0x0800739c        0x4 /usr/lib/gcc/arm-none-eabi/16.1.0/thumb/v7e-m+dp/hard/crti.o
                0x0800739c                _init
 .init          0x080073a0        0x8 /usr/lib/gcc/arm-none-eabi/16.1.0/thumb/v7e-m+dp/hard/crtn.o
 *(.fini)
 .fini          0x080073a8        0x4 /usr/lib/gcc/arm-none-eabi/16.1.0/thumb/v7e-m+dp/hard/crti.o
                0x080073a8                _fini
 .fini          0x080073ac        0x8 /usr/lib/gcc/arm-none-eabi/16.1.0/thumb/v7e-m+dp/hard/crtn.o
                0x080073b4                        . = ALIGN (0x4)
                0x080073b4                        _etext = .

.vfp11_veneer   0x080073b4        0x0
 .vfp11_veneer  0x080073b4        0x0 linker stubs

.v4_bx          0x080073b4        0x0
 .v4_bx         0x080073b4        0x0 linker stubs

.iplt           0x080073b4        0x0
 .iplt          0x080073b4        0x0 /usr/lib/gcc/arm-none-eabi/16.1.0/thumb/v7e-m+dp/hard/crtbegin.o

.rodata         0x080073b4       0x88
                0x080073b4                        . = ALIGN (0x4)
 *(.rodata)
 .rodata        0x080073b4       0x19 CMakeFiles/usart_echo.dir/src/apps/usart_echo/app_main.c.obj
 *(.rodata*)
 *fill*         0x080073cd        0x3 
 .rodata.D1CorePrescTable
                0x080073d0       0x10 libdrivers.a(system_stm32h7xx.c.obj)
                0x080073d0                D1CorePrescTable
 .rodata.UARTPrescTable
                0x080073e0       0x18 libdrivers.a(stm32h7xx_hal_uart.c.obj)
                0x080073e0                UARTPrescTable
 .rodata.numerator.1
                0x080073f8        0x8 libdrivers.a(stm32h7xx_hal_uart_ex.c.obj)
 .rodata.denominator.0
                0x08007400        0x8 libdrivers.a(stm32h7xx_hal_uart_ex.c.obj)
 .rodata._vfprintf_r.str1.1
                0x08007408       0x33 /usr/lib/gcc/arm-none-eabi/16.1.0/../../../../arm-none-eabi/lib/thumb/v7e-m+dp/hard/libg_nano.a(libc_a-nano-vfprintf.o)
                                 0x11 (size before relaxing)
 .rodata._printf_i.str1.1
                0x0800743b        0x0 /usr/lib/gcc/arm-none-eabi/16.1.0/../../../../arm-none-eabi/lib/thumb/v7e-m+dp/hard/libg_nano.a(libc_a-nano-vfprintf_i.o)
                                 0x22 (size before relaxing)
                0x0800743c                        . = ALIGN (0x4)
 *fill*         0x0800743b        0x1 

.ARM.extab      0x0800743c        0x0
                0x0800743c                        . = ALIGN (0x4)
 *(.ARM.extab* .gnu.linkonce.armextab.*)
                0x0800743c                        . = ALIGN (0x4)

.ARM            0x0800743c        0x8
                0x0800743c                        . = ALIGN (0x4)
                0x0800743c                        __exidx_start = .
 *(.ARM.exidx*)
 .ARM.exidx     0x0800743c        0x8 /usr/lib/gcc/arm-none-eabi/16.1.0/../../../../arm-none-eabi/lib/thumb/v7e-m+dp/hard/libg_nano.a(libc_a-memchr.o)
 .ARM.exidx.text.__udivmoddi4
                0x08007444        0x0 /usr/lib/gcc/arm-none-eabi/16.1.0/thumb/v7e-m+dp/hard/libgcc.a(_udivmoddi4.o)
                                  0x8 (size before relaxing)
                0x08007444                        __exidx_end = .
                0x08007444                        . = ALIGN (0x4)

.preinit_array  0x08007444        0x0
                0x08007444                        . = ALIGN (0x4)
                0x08007444                        PROVIDE (__preinit_array_start = .)
 *(.preinit_array*)
                0x08007444                        PROVIDE (__preinit_array_end = .)
                0x08007444                        . = ALIGN (0x4)

.init_array     0x08007444        0x4
                0x08007444                        . = ALIGN (0x4)
                0x08007444                        PROVIDE (__init_array_start = .)
 *(SORT_BY_NAME(.init_array.*))
 *(.init_array*)
 .init_array    0x08007444        0x4 /usr/lib/gcc/arm-none-eabi/16.1.0/thumb/v7e-m+dp/hard/crtbegin.o
                0x08007448                        PROVIDE (__init_array_end = .)
                0x08007448                        . = ALIGN (0x4)

.fini_array     0x08007448        0x4
                0x08007448                        . = ALIGN (0x4)
                0x08007448                        PROVIDE (__fini_array_start = .)
 *(SORT_BY_NAME(.fini_array.*))
 *(.fini_array*)
 .fini_array    0x08007448        0x4 /usr/lib/gcc/arm-none-eabi/16.1.0/thumb/v7e-m+dp/hard/crtbegin.o
                0x0800744c                        PROVIDE (__fini_array_end = .)
                0x0800744c                        . = ALIGN (0x4)
                0x0800744c                        _sidata = LOADADDR (.data)

.rel.dyn        0x0800744c        0x0
 .rel.iplt      0x0800744c        0x0 /usr/lib/gcc/arm-none-eabi/16.1.0/thumb/v7e-m+dp/hard/crtbegin.o

.data           0x20000000       0x6c load address 0x0800744c
                0x20000000                        . = ALIGN (0x4)
                0x20000000                        _sdata = .
 *(.data)
 *(.data*)
 .data.SystemCoreClock
                0x20000000        0x4 libdrivers.a(system_stm32h7xx.c.obj)
                0x20000000                SystemCoreClock
 .data.SystemD2Clock
                0x20000004        0x4 libdrivers.a(system_stm32h7xx.c.obj)
                0x20000004                SystemD2Clock
 .data.uwTickPrio
                0x20000008        0x4 libdrivers.a(stm32h7xx_hal.c.obj)
                0x20000008                uwTickPrio
 .data.uwTickFreq
                0x2000000c        0x1 libdrivers.a(stm32h7xx_hal.c.obj)
                0x2000000c                uwTickFreq
 *fill*         0x2000000d        0x3 
 .data.__sglue  0x20000010        0xc /usr/lib/gcc/arm-none-eabi/16.1.0/../../../../arm-none-eabi/lib/thumb/v7e-m+dp/hard/libg_nano.a(libc_a-findfp.o)
                0x20000010                __sglue
 .data._impure_ptr
                0x2000001c        0x4 /usr/lib/gcc/arm-none-eabi/16.1.0/../../../../arm-none-eabi/lib/thumb/v7e-m+dp/hard/libg_nano.a(libc_a-impure.o)
                0x2000001c                _impure_ptr
 .data._impure_data
                0x20000020       0x4c /usr/lib/gcc/arm-none-eabi/16.1.0/../../../../arm-none-eabi/lib/thumb/v7e-m+dp/hard/libg_nano.a(libc_a-impure.o)
                0x20000020                _impure_data
 *(.RamFunc)
 *(.RamFunc*)
                0x2000006c                        . = ALIGN (0x4)

.igot.plt       0x2000006c        0x0 load address 0x080074b8
 .igot.plt      0x2000006c        0x0 /usr/lib/gcc/arm-none-eabi/16.1.0/thumb/v7e-m+dp/hard/crtbegin.o

.tdata          0x2000006c        0x0 load address 0x080074b8
 *(.tdata .tdata.* .gnu.linkonce.td.*)
                0x2000006c                        . = ALIGN (0x4)
                0x2000006c                        _edata = .
                [!provide]                        PROVIDE (__data_end = .)
                [!provide]                        PROVIDE (__tdata_end = .)
                [!provide]                        PROVIDE (__tdata_start = ADDR (.tdata))
                [!provide]                        PROVIDE (__tdata_size = (__tdata_end - __tdata_start))
                [!provide]                        PROVIDE (__data_start = ADDR (.data))
                [!provide]                        PROVIDE (__data_size = (__data_end - __data_start))
                [!provide]                        PROVIDE (__tdata_source = LOADADDR (.tdata))
                [!provide]                        PROVIDE (__tdata_source_end = (LOADADDR (.tdata) + SIZEOF (.tdata)))
                [!provide]                        PROVIDE (__tdata_source_size = (__tdata_source_end - __tdata_source))
                [!provide]                        PROVIDE (__data_source = LOADADDR (.data))
                [!provide]                        PROVIDE (__data_source_end = __tdata_source_end)
                [!provide]                        PROVIDE (__data_source_size = (__data_source_end - __data_source))

.tbss           0x2000006c        0x0 load address 0x080074b8
                0x2000006c                        _sbss = .
                0x2000006c                        __bss_start__ = _sbss
 *(.tbss .tbss.*)
                0x2000006c                        . = ALIGN (0x4)
                [!provide]                        PROVIDE (__tbss_end = .)
                [!provide]                        PROVIDE (__tbss_start = ADDR (.tbss))
                [!provide]                        PROVIDE (__tbss_size = (__tbss_end - __tbss_start))
                [!provide]                        PROVIDE (__tbss_offset = (ADDR (.tbss) - ADDR (.tdata)))
                [!provide]                        PROVIDE (__tls_base = __tdata_start)
                [!provide]                        PROVIDE (__tls_end = __tbss_end)
                [!provide]                        PROVIDE (__tls_size = (__tls_end - __tls_base))
                [!provide]                        PROVIDE (__tls_align = MAX (ALIGNOF (.tdata), ALIGNOF (.tbss)))
                [!provide]                        PROVIDE (__tls_size_align = (((__tls_size + __tls_align) - 0x1) & ~ ((__tls_align - 0x1))))
                [!provide]                        PROVIDE (__arm32_tls_tcb_offset = MAX (0x8, __tls_align))
                [!provide]                        PROVIDE (__arm64_tls_tcb_offset = MAX (0x10, __tls_align))

.bss            0x2000006c      0x338 load address 0x080074b8
 *(.bss)
 *(.bss*)
 .bss.completed.1
                0x2000006c        0x1 /usr/lib/gcc/arm-none-eabi/16.1.0/thumb/v7e-m+dp/hard/crtbegin.o
 *fill*         0x2000006d        0x3 
 .bss.object.0  0x20000070       0x18 /usr/lib/gcc/arm-none-eabi/16.1.0/thumb/v7e-m+dp/hard/crtbegin.o
 .bss.hsai_BlockA1
                0x20000088       0x98 CMakeFiles/NUCLEOH723ZG.dir/Core/Src/main.c.obj
                0x20000088                hsai_BlockA1
 .bss.hsai_BlockB1
                0x20000120       0x98 CMakeFiles/NUCLEOH723ZG.dir/Core/Src/main.c.obj
                0x20000120                hsai_BlockB1
 .bss.huart3    0x200001b8       0x94 CMakeFiles/NUCLEOH723ZG.dir/Core/Src/main.c.obj
                0x200001b8                huart3
 .bss.SAI1_client
                0x2000024c        0x4 CMakeFiles/NUCLEOH723ZG.dir/Core/Src/stm32h7xx_hal_msp.c.obj
 .bss.__sbrk_heap_end
                0x20000250        0x4 CMakeFiles/NUCLEOH723ZG.dir/Core/Src/sysmem.c.obj
 .bss.uwTick    0x20000254        0x4 libdrivers.a(stm32h7xx_hal.c.obj)
                0x20000254                uwTick
 .bss.__sf      0x20000258      0x138 /usr/lib/gcc/arm-none-eabi/16.1.0/../../../../arm-none-eabi/lib/thumb/v7e-m+dp/hard/libg_nano.a(libc_a-findfp.o)
                0x20000258                __sf
 .bss.__stdio_exit_handler
                0x20000390        0x4 /usr/lib/gcc/arm-none-eabi/16.1.0/../../../../arm-none-eabi/lib/thumb/v7e-m+dp/hard/libg_nano.a(libc_a-findfp.o)
                0x20000390                __stdio_exit_handler
 .bss.errno     0x20000394        0x4 /usr/lib/gcc/arm-none-eabi/16.1.0/../../../../arm-none-eabi/lib/thumb/v7e-m+dp/hard/libg_nano.a(libc_a-reent.o)
                0x20000394                errno
 .bss.__lock___malloc_recursive_mutex
                0x20000398        0x1 /usr/lib/gcc/arm-none-eabi/16.1.0/../../../../arm-none-eabi/lib/thumb/v7e-m+dp/hard/libg_nano.a(libc_a-lock.o)
                0x20000398                __lock___malloc_recursive_mutex
 .bss.__lock___sfp_recursive_mutex
                0x20000399        0x1 /usr/lib/gcc/arm-none-eabi/16.1.0/../../../../arm-none-eabi/lib/thumb/v7e-m+dp/hard/libg_nano.a(libc_a-lock.o)
                0x20000399                __lock___sfp_recursive_mutex
 *fill*         0x2000039a        0x2 
 .bss.__malloc_sbrk_start
                0x2000039c        0x4 /usr/lib/gcc/arm-none-eabi/16.1.0/../../../../arm-none-eabi/lib/thumb/v7e-m+dp/hard/libg_nano.a(libc_a-mallocr.o)
                0x2000039c                __malloc_sbrk_start
 .bss.__malloc_free_list
                0x200003a0        0x4 /usr/lib/gcc/arm-none-eabi/16.1.0/../../../../arm-none-eabi/lib/thumb/v7e-m+dp/hard/libg_nano.a(libc_a-mallocr.o)
                0x200003a0                __malloc_free_list
 *(COMMON)
                0x200003a4                        . = ALIGN (0x4)
                0x200003a4                        _ebss = .
                0x200003a4                        __bss_end__ = _ebss
                [!provide]                        PROVIDE (__bss_end = .)
                [!provide]                        PROVIDE (__non_tls_bss_start = ADDR (.bss))
                [!provide]                        PROVIDE (__bss_start = __tbss_start)
                [!provide]                        PROVIDE (__bss_size = (__bss_end - __bss_start))

._user_heap_stack
                0x200003a4      0x604 load address 0x080074b8
                0x200003a8                        . = ALIGN (0x8)
 *fill*         0x200003a4        0x4 
                [!provide]                        PROVIDE (end = .)
                0x200003a8                        PROVIDE (_end = .)
                0x200005a8                        . = (. + _Min_Heap_Size)
 *fill*         0x200003a8      0x200 
                0x200009a8                        . = (. + _Min_Stack_Size)
 *fill*         0x200005a8      0x400 
                0x200009a8                        . = ALIGN (0x8)

/DISCARD/
 libc.a:*(*)
 libm.a:*(*)
 libgcc.a:*(*)
OUTPUT(usart_echo.elf elf32-littlearm)
LOAD linker stubs

.ARM.attributes
                0x00000000       0x2e
 .ARM.attributes
                0x00000000       0x20 /usr/lib/gcc/arm-none-eabi/16.1.0/thumb/v7e-m+dp/hard/crti.o
 .ARM.attributes
                0x00000020       0x32 /usr/lib/gcc/arm-none-eabi/16.1.0/thumb/v7e-m+dp/hard/crtbegin.o
 .ARM.attributes
                0x00000052       0x32 CMakeFiles/NUCLEOH723ZG.dir/Core/Src/main.c.obj
 .ARM.attributes
                0x00000084       0x32 CMakeFiles/NUCLEOH723ZG.dir/Core/Src/stm32h7xx_it.c.obj
 .ARM.attributes
                0x000000b6       0x32 CMakeFiles/NUCLEOH723ZG.dir/Core/Src/stm32h7xx_hal_msp.c.obj
 .ARM.attributes
                0x000000e8       0x32 CMakeFiles/NUCLEOH723ZG.dir/Core/Src/sysmem.c.obj
 .ARM.attributes
                0x0000011a       0x32 CMakeFiles/NUCLEOH723ZG.dir/Core/Src/syscalls.c.obj
 .ARM.attributes
                0x0000014c       0x21 CMakeFiles/NUCLEOH723ZG.dir/startup_stm32h723xx.s.obj
 .ARM.attributes
                0x0000016d       0x32 CMakeFiles/usart_echo.dir/src/apps/usart_echo/app_main.c.obj
 .ARM.attributes
                0x0000019f       0x32 libdrivers.a(system_stm32h7xx.c.obj)
 .ARM.attributes
                0x000001d1       0x32 libdrivers.a(stm32h7xx_hal_rcc.c.obj)
 .ARM.attributes
                0x00000203       0x32 libdrivers.a(stm32h7xx_hal_rcc_ex.c.obj)
 .ARM.attributes
                0x00000235       0x32 libdrivers.a(stm32h7xx_hal_gpio.c.obj)
 .ARM.attributes
                0x00000267       0x32 libdrivers.a(stm32h7xx_hal_pwr_ex.c.obj)
 .ARM.attributes
                0x00000299       0x32 libdrivers.a(stm32h7xx_hal.c.obj)
 .ARM.attributes
                0x000002cb       0x32 libdrivers.a(stm32h7xx_hal_sai.c.obj)
 .ARM.attributes
                0x000002fd       0x32 libdrivers.a(stm32h7xx_hal_uart.c.obj)
 .ARM.attributes
                0x0000032f       0x32 libdrivers.a(stm32h7xx_hal_uart_ex.c.obj)
 .ARM.attributes
                0x00000361       0x32 libdrivers.a(clock.c.obj)
 .ARM.attributes
                0x00000393       0x32 libdrivers.a(console.c.obj)
 .ARM.attributes
                0x000003c5       0x32 libdrivers.a(stm32h7xx_hal_cortex.c.obj)
 .ARM.attributes
                0x000003f7       0x20 /usr/lib/gcc/arm-none-eabi/16.1.0/thumb/v7e-m+dp/hard/libgcc.a(_aeabi_uldivmod.o)
 .ARM.attributes
                0x00000417       0x32 /usr/lib/gcc/arm-none-eabi/16.1.0/thumb/v7e-m+dp/hard/libgcc.a(_udivmoddi4.o)
 .ARM.attributes
                0x00000449       0x20 /usr/lib/gcc/arm-none-eabi/16.1.0/thumb/v7e-m+dp/hard/libgcc.a(_dvmd_tls.o)
 .ARM.attributes
                0x00000469       0x32 /usr/lib/gcc/arm-none-eabi/16.1.0/../../../../arm-none-eabi/lib/thumb/v7e-m+dp/hard/libg_nano.a(libc_a-findfp.o)
 .ARM.attributes
                0x0000049b       0x32 /usr/lib/gcc/arm-none-eabi/16.1.0/../../../../arm-none-eabi/lib/thumb/v7e-m+dp/hard/libg_nano.a(libc_a-fwalk.o)
 .ARM.attributes
                0x000004cd       0x32 /usr/lib/gcc/arm-none-eabi/16.1.0/../../../../arm-none-eabi/lib/thumb/v7e-m+dp/hard/libg_nano.a(libc_a-printf.o)
 .ARM.attributes
                0x000004ff       0x32 /usr/lib/gcc/arm-none-eabi/16.1.0/../../../../arm-none-eabi/lib/thumb/v7e-m+dp/hard/libg_nano.a(libc_a-setvbuf.o)
 .ARM.attributes
                0x00000531       0x32 /usr/lib/gcc/arm-none-eabi/16.1.0/../../../../arm-none-eabi/lib/thumb/v7e-m+dp/hard/libg_nano.a(libc_a-stdio.o)
 .ARM.attributes
                0x00000563       0x32 /usr/lib/gcc/arm-none-eabi/16.1.0/../../../../arm-none-eabi/lib/thumb/v7e-m+dp/hard/libg_nano.a(libc_a-memset.o)
 .ARM.attributes
                0x00000595       0x32 /usr/lib/gcc/arm-none-eabi/16.1.0/../../../../arm-none-eabi/lib/thumb/v7e-m+dp/hard/libg_nano.a(libc_a-closer.o)
 .ARM.attributes
                0x000005c7       0x32 /usr/lib/gcc/arm-none-eabi/16.1.0/../../../../arm-none-eabi/lib/thumb/v7e-m+dp/hard/libg_nano.a(libc_a-reent.o)
 .ARM.attributes
                0x000005f9       0x32 /usr/lib/gcc/arm-none-eabi/16.1.0/../../../../arm-none-eabi/lib/thumb/v7e-m+dp/hard/libg_nano.a(libc_a-impure.o)
 .ARM.attributes
                0x0000062b       0x32 /usr/lib/gcc/arm-none-eabi/16.1.0/../../../../arm-none-eabi/lib/thumb/v7e-m+dp/hard/libg_nano.a(libc_a-lseekr.o)
 .ARM.attributes
                0x0000065d       0x32 /usr/lib/gcc/arm-none-eabi/16.1.0/../../../../arm-none-eabi/lib/thumb/v7e-m+dp/hard/libg_nano.a(libc_a-readr.o)
 .ARM.attributes
                0x0000068f       0x32 /usr/lib/gcc/arm-none-eabi/16.1.0/../../../../arm-none-eabi/lib/thumb/v7e-m+dp/hard/libg_nano.a(libc_a-writer.o)
 .ARM.attributes
                0x000006c1       0x32 /usr/lib/gcc/arm-none-eabi/16.1.0/../../../../arm-none-eabi/lib/thumb/v7e-m+dp/hard/libg_nano.a(libc_a-errno.o)
 .ARM.attributes
                0x000006f3       0x32 /usr/lib/gcc/arm-none-eabi/16.1.0/../../../../arm-none-eabi/lib/thumb/v7e-m+dp/hard/libg_nano.a(libc_a-init.o)
 .ARM.attributes
                0x00000725       0x32 /usr/lib/gcc/arm-none-eabi/16.1.0/../../../../arm-none-eabi/lib/thumb/v7e-m+dp/hard/libg_nano.a(libc_a-lock.o)
 .ARM.attributes
                0x00000757       0x32 /usr/lib/gcc/arm-none-eabi/16.1.0/../../../../arm-none-eabi/lib/thumb/v7e-m+dp/hard/libg_nano.a(libc_a-freer.o)
 .ARM.attributes
                0x00000789       0x32 /usr/lib/gcc/arm-none-eabi/16.1.0/../../../../arm-none-eabi/lib/thumb/v7e-m+dp/hard/libg_nano.a(libc_a-malloc.o)
 .ARM.attributes
                0x000007bb       0x32 /usr/lib/gcc/arm-none-eabi/16.1.0/../../../../arm-none-eabi/lib/thumb/v7e-m+dp/hard/libg_nano.a(libc_a-mallocr.o)
 .ARM.attributes
                0x000007ed       0x32 /usr/lib/gcc/arm-none-eabi/16.1.0/../../../../arm-none-eabi/lib/thumb/v7e-m+dp/hard/libg_nano.a(libc_a-mlock.o)
 .ARM.attributes
                0x0000081f       0x32 /usr/lib/gcc/arm-none-eabi/16.1.0/../../../../arm-none-eabi/lib/thumb/v7e-m+dp/hard/libg_nano.a(libc_a-nano-vfprintf.o)
 .ARM.attributes
                0x00000851       0x32 /usr/lib/gcc/arm-none-eabi/16.1.0/../../../../arm-none-eabi/lib/thumb/v7e-m+dp/hard/libg_nano.a(libc_a-nano-vfprintf_i.o)
 .ARM.attributes
                0x00000883       0x32 /usr/lib/gcc/arm-none-eabi/16.1.0/../../../../arm-none-eabi/lib/thumb/v7e-m+dp/hard/libg_nano.a(libc_a-fflush.o)
 .ARM.attributes
                0x000008b5       0x32 /usr/lib/gcc/arm-none-eabi/16.1.0/../../../../arm-none-eabi/lib/thumb/v7e-m+dp/hard/libg_nano.a(libc_a-makebuf.o)
 .ARM.attributes
                0x000008e7       0x32 /usr/lib/gcc/arm-none-eabi/16.1.0/../../../../arm-none-eabi/lib/thumb/v7e-m+dp/hard/libg_nano.a(libc_a-wbuf.o)
 .ARM.attributes
                0x00000919       0x32 /usr/lib/gcc/arm-none-eabi/16.1.0/../../../../arm-none-eabi/lib/thumb/v7e-m+dp/hard/libg_nano.a(libc_a-wsetup.o)
 .ARM.attributes
                0x0000094b       0x32 /usr/lib/gcc/arm-none-eabi/16.1.0/../../../../arm-none-eabi/lib/thumb/v7e-m+dp/hard/libg_nano.a(libc_a-fstatr.o)
 .ARM.attributes
                0x0000097d       0x32 /usr/lib/gcc/arm-none-eabi/16.1.0/../../../../arm-none-eabi/lib/thumb/v7e-m+dp/hard/libg_nano.a(libc_a-isattyr.o)
 .ARM.attributes
                0x000009af       0x32 /usr/lib/gcc/arm-none-eabi/16.1.0/../../../../arm-none-eabi/lib/thumb/v7e-m+dp/hard/libg_nano.a(libc_a-sbrkr.o)
 .ARM.attributes
                0x000009e1       0x1c /usr/lib/gcc/arm-none-eabi/16.1.0/../../../../arm-none-eabi/lib/thumb/v7e-m+dp/hard/libg_nano.a(libc_a-memchr.o)
 .ARM.attributes
                0x000009fd       0x20 /usr/lib/gcc/arm-none-eabi/16.1.0/thumb/v7e-m+dp/hard/crtn.o

.comment        0x00000000       0x1e
 .comment       0x00000000       0x1e CMakeFiles/NUCLEOH723ZG.dir/Core/Src/main.c.obj
                                 0x1f (size before relaxing)
 .comment       0x0000001e        0x0 CMakeFiles/NUCLEOH723ZG.dir/Core/Src/stm32h7xx_it.c.obj
                                 0x1f (size before relaxing)
 .comment       0x0000001e        0x0 CMakeFiles/NUCLEOH723ZG.dir/Core/Src/stm32h7xx_hal_msp.c.obj
                                 0x1f (size before relaxing)
 .comment       0x0000001e        0x0 CMakeFiles/NUCLEOH723ZG.dir/Core/Src/sysmem.c.obj
                                 0x1f (size before relaxing)
 .comment       0x0000001e        0x0 CMakeFiles/NUCLEOH723ZG.dir/Core/Src/syscalls.c.obj
                                 0x1f (size before relaxing)
 .comment       0x0000001e        0x0 CMakeFiles/usart_echo.dir/src/apps/usart_echo/app_main.c.obj
                                 0x1f (size before relaxing)
 .comment       0x0000001e        0x0 libdrivers.a(system_stm32h7xx.c.obj)
                                 0x1f (size before relaxing)
 .comment       0x0000001e        0x0 libdrivers.a(stm32h7xx_hal_rcc.c.obj)
                                 0x1f (size before relaxing)
 .comment       0x0000001e        0x0 libdrivers.a(stm32h7xx_hal_rcc_ex.c.obj)
                                 0x1f (size before relaxing)
 .comment       0x0000001e        0x0 libdrivers.a(stm32h7xx_hal_gpio.c.obj)
                                 0x1f (size before relaxing)
 .comment       0x0000001e        0x0 libdrivers.a(stm32h7xx_hal_pwr_ex.c.obj)
                                 0x1f (size before relaxing)
 .comment       0x0000001e        0x0 libdrivers.a(stm32h7xx_hal.c.obj)
                                 0x1f (size before relaxing)
 .comment       0x0000001e        0x0 libdrivers.a(stm32h7xx_hal_sai.c.obj)
                                 0x1f (size before relaxing)
 .comment       0x0000001e        0x0 libdrivers.a(stm32h7xx_hal_uart.c.obj)
                                 0x1f (size before relaxing)
 .comment       0x0000001e        0x0 libdrivers.a(stm32h7xx_hal_uart_ex.c.obj)
                                 0x1f (size before relaxing)
 .comment       0x0000001e        0x0 libdrivers.a(clock.c.obj)
                                 0x1f (size before relaxing)
 .comment       0x0000001e        0x0 libdrivers.a(console.c.obj)
                                 0x1f (size before relaxing)
 .comment       0x0000001e        0x0 libdrivers.a(stm32h7xx_hal_cortex.c.obj)
                                 0x1f (size before relaxing)
 .comment       0x0000001e        0x0 /usr/lib/gcc/arm-none-eabi/16.1.0/thumb/v7e-m+dp/hard/libgcc.a(_udivmoddi4.o)
                                 0x1f (size before relaxing)
 .comment       0x0000001e        0x0 /usr/lib/gcc/arm-none-eabi/16.1.0/../../../../arm-none-eabi/lib/thumb/v7e-m+dp/hard/libg_nano.a(libc_a-findfp.o)
                                 0x1f (size before relaxing)
 .comment       0x0000001e        0x0 /usr/lib/gcc/arm-none-eabi/16.1.0/../../../../arm-none-eabi/lib/thumb/v7e-m+dp/hard/libg_nano.a(libc_a-fwalk.o)
                                 0x1f (size before relaxing)
 .comment       0x0000001e        0x0 /usr/lib/gcc/arm-none-eabi/16.1.0/../../../../arm-none-eabi/lib/thumb/v7e-m+dp/hard/libg_nano.a(libc_a-printf.o)
                                 0x1f (size before relaxing)
 .comment       0x0000001e        0x0 /usr/lib/gcc/arm-none-eabi/16.1.0/../../../../arm-none-eabi/lib/thumb/v7e-m+dp/hard/libg_nano.a(libc_a-setvbuf.o)
                                 0x1f (size before relaxing)
 .comment       0x0000001e        0x0 /usr/lib/gcc/arm-none-eabi/16.1.0/../../../../arm-none-eabi/lib/thumb/v7e-m+dp/hard/libg_nano.a(libc_a-stdio.o)
                                 0x1f (size before relaxing)
 .comment       0x0000001e        0x0 /usr/lib/gcc/arm-none-eabi/16.1.0/../../../../arm-none-eabi/lib/thumb/v7e-m+dp/hard/libg_nano.a(libc_a-memset.o)
                                 0x1f (size before relaxing)
 .comment       0x0000001e        0x0 /usr/lib/gcc/arm-none-eabi/16.1.0/../../../../arm-none-eabi/lib/thumb/v7e-m+dp/hard/libg_nano.a(libc_a-closer.o)
                                 0x1f (size before relaxing)
 .comment       0x0000001e        0x0 /usr/lib/gcc/arm-none-eabi/16.1.0/../../../../arm-none-eabi/lib/thumb/v7e-m+dp/hard/libg_nano.a(libc_a-reent.o)
                                 0x1f (size before relaxing)
 .comment       0x0000001e        0x0 /usr/lib/gcc/arm-none-eabi/16.1.0/../../../../arm-none-eabi/lib/thumb/v7e-m+dp/hard/libg_nano.a(libc_a-impure.o)
                                 0x1f (size before relaxing)
 .comment       0x0000001e        0x0 /usr/lib/gcc/arm-none-eabi/16.1.0/../../../../arm-none-eabi/lib/thumb/v7e-m+dp/hard/libg_nano.a(libc_a-lseekr.o)
                                 0x1f (size before relaxing)
 .comment       0x0000001e        0x0 /usr/lib/gcc/arm-none-eabi/16.1.0/../../../../arm-none-eabi/lib/thumb/v7e-m+dp/hard/libg_nano.a(libc_a-readr.o)
                                 0x1f (size before relaxing)
 .comment       0x0000001e        0x0 /usr/lib/gcc/arm-none-eabi/16.1.0/../../../../arm-none-eabi/lib/thumb/v7e-m+dp/hard/libg_nano.a(libc_a-writer.o)
                                 0x1f (size before relaxing)
 .comment       0x0000001e        0x0 /usr/lib/gcc/arm-none-eabi/16.1.0/../../../../arm-none-eabi/lib/thumb/v7e-m+dp/hard/libg_nano.a(libc_a-errno.o)
                                 0x1f (size before relaxing)
 .comment       0x0000001e        0x0 /usr/lib/gcc/arm-none-eabi/16.1.0/../../../../arm-none-eabi/lib/thumb/v7e-m+dp/hard/libg_nano.a(libc_a-init.o)
                                 0x1f (size before relaxing)
 .comment       0x0000001e        0x0 /usr/lib/gcc/arm-none-eabi/16.1.0/../../../../arm-none-eabi/lib/thumb/v7e-m+dp/hard/libg_nano.a(libc_a-lock.o)
                                 0x1f (size before relaxing)
 .comment       0x0000001e        0x0 /usr/lib/gcc/arm-none-eabi/16.1.0/../../../../arm-none-eabi/lib/thumb/v7e-m+dp/hard/libg_nano.a(libc_a-freer.o)
                                 0x1f (size before relaxing)
 .comment       0x0000001e        0x0 /usr/lib/gcc/arm-none-eabi/16.1.0/../../../../arm-none-eabi/lib/thumb/v7e-m+dp/hard/libg_nano.a(libc_a-malloc.o)
                                 0x1f (size before relaxing)
 .comment       0x0000001e        0x0 /usr/lib/gcc/arm-none-eabi/16.1.0/../../../../arm-none-eabi/lib/thumb/v7e-m+dp/hard/libg_nano.a(libc_a-mallocr.o)
                                 0x1f (size before relaxing)
 .comment       0x0000001e        0x0 /usr/lib/gcc/arm-none-eabi/16.1.0/../../../../arm-none-eabi/lib/thumb/v7e-m+dp/hard/libg_nano.a(libc_a-mlock.o)
                                 0x1f (size before relaxing)
 .comment       0x0000001e        0x0 /usr/lib/gcc/arm-none-eabi/16.1.0/../../../../arm-none-eabi/lib/thumb/v7e-m+dp/hard/libg_nano.a(libc_a-nano-vfprintf.o)
                                 0x1f (size before relaxing)
 .comment       0x0000001e        0x0 /usr/lib/gcc/arm-none-eabi/16.1.0/../../../../arm-none-eabi/lib/thumb/v7e-m+dp/hard/libg_nano.a(libc_a-nano-vfprintf_i.o)
                                 0x1f (size before relaxing)
 .comment       0x0000001e        0x0 /usr/lib/gcc/arm-none-eabi/16.1.0/../../../../arm-none-eabi/lib/thumb/v7e-m+dp/hard/libg_nano.a(libc_a-fflush.o)
                                 0x1f (size before relaxing)
 .comment       0x0000001e        0x0 /usr/lib/gcc/arm-none-eabi/16.1.0/../../../../arm-none-eabi/lib/thumb/v7e-m+dp/hard/libg_nano.a(libc_a-makebuf.o)
                                 0x1f (size before relaxing)
 .comment       0x0000001e        0x0 /usr/lib/gcc/arm-none-eabi/16.1.0/../../../../arm-none-eabi/lib/thumb/v7e-m+dp/hard/libg_nano.a(libc_a-wbuf.o)
                                 0x1f (size before relaxing)
 .comment       0x0000001e        0x0 /usr/lib/gcc/arm-none-eabi/16.1.0/../../../../arm-none-eabi/lib/thumb/v7e-m+dp/hard/libg_nano.a(libc_a-wsetup.o)
                                 0x1f (size before relaxing)
 .comment       0x0000001e        0x0 /usr/lib/gcc/arm-none-eabi/16.1.0/../../../../arm-none-eabi/lib/thumb/v7e-m+dp/hard/libg_nano.a(libc_a-fstatr.o)
                                 0x1f (size before relaxing)
 .comment       0x0000001e        0x0 /usr/lib/gcc/arm-none-eabi/16.1.0/../../../../arm-none-eabi/lib/thumb/v7e-m+dp/hard/libg_nano.a(libc_a-isattyr.o)
                                 0x1f (size before relaxing)
 .comment       0x0000001e        0x0 /usr/lib/gcc/arm-none-eabi/16.1.0/../../../../arm-none-eabi/lib/thumb/v7e-m+dp/hard/libg_nano.a(libc_a-sbrkr.o)
                                 0x1f (size before relaxing)

.debug_info     0x00000000    0x210c4
 .debug_info    0x00000000     0x13a2 CMakeFiles/NUCLEOH723ZG.dir/Core/Src/main.c.obj
 .debug_info    0x000013a2      0x128 CMakeFiles/NUCLEOH723ZG.dir/Core/Src/stm32h7xx_it.c.obj
 .debug_info    0x000014ca     0x14a0 CMakeFiles/NUCLEOH723ZG.dir/Core/Src/stm32h7xx_hal_msp.c.obj
 .debug_info    0x0000296a      0x168 CMakeFiles/NUCLEOH723ZG.dir/Core/Src/sysmem.c.obj
 .debug_info    0x00002ad2      0x6b4 CMakeFiles/NUCLEOH723ZG.dir/Core/Src/syscalls.c.obj
 .debug_info    0x00003186       0x30 CMakeFiles/NUCLEOH723ZG.dir/startup_stm32h723xx.s.obj
 .debug_info    0x000031b6       0xf7 CMakeFiles/usart_echo.dir/src/apps/usart_echo/app_main.c.obj
 .debug_info    0x000032ad      0xbff libdrivers.a(system_stm32h7xx.c.obj)
 .debug_info    0x00003eac      0xd8c libdrivers.a(stm32h7xx_hal_rcc.c.obj)
 .debug_info    0x00004c38     0x120b libdrivers.a(stm32h7xx_hal_rcc_ex.c.obj)
 .debug_info    0x00005e43      0xc6b libdrivers.a(stm32h7xx_hal_gpio.c.obj)
 .debug_info    0x00006aae      0xddc libdrivers.a(stm32h7xx_hal_pwr_ex.c.obj)
 .debug_info    0x0000788a     0x1698 libdrivers.a(stm32h7xx_hal.c.obj)
 .debug_info    0x00008f22     0x13ce libdrivers.a(stm32h7xx_hal_sai.c.obj)
 .debug_info    0x0000a2f0     0x4b53 libdrivers.a(stm32h7xx_hal_uart.c.obj)
 .debug_info    0x0000ee43      0xfbe libdrivers.a(stm32h7xx_hal_uart_ex.c.obj)
 .debug_info    0x0000fe01       0xfd libdrivers.a(clock.c.obj)
 .debug_info    0x0000fefe      0xf08 libdrivers.a(console.c.obj)
 .debug_info    0x00010e06     0x10b2 libdrivers.a(stm32h7xx_hal_cortex.c.obj)
 .debug_info    0x00011eb8       0x24 /usr/lib/gcc/arm-none-eabi/16.1.0/thumb/v7e-m+dp/hard/libgcc.a(_aeabi_uldivmod.o)
 .debug_info    0x00011edc      0x6fc /usr/lib/gcc/arm-none-eabi/16.1.0/thumb/v7e-m+dp/hard/libgcc.a(_udivmoddi4.o)
 .debug_info    0x000125d8       0x3c /usr/lib/gcc/arm-none-eabi/16.1.0/thumb/v7e-m+dp/hard/libgcc.a(_dvmd_tls.o)
 .debug_info    0x00012614      0xfbf /usr/lib/gcc/arm-none-eabi/16.1.0/../../../../arm-none-eabi/lib/thumb/v7e-m+dp/hard/libg_nano.a(libc_a-findfp.o)
 .debug_info    0x000135d3      0x7d7 /usr/lib/gcc/arm-none-eabi/16.1.0/../../../../arm-none-eabi/lib/thumb/v7e-m+dp/hard/libg_nano.a(libc_a-fwalk.o)
 .debug_info    0x00013daa      0x846 /usr/lib/gcc/arm-none-eabi/16.1.0/../../../../arm-none-eabi/lib/thumb/v7e-m+dp/hard/libg_nano.a(libc_a-printf.o)
 .debug_info    0x000145f0      0x941 /usr/lib/gcc/arm-none-eabi/16.1.0/../../../../arm-none-eabi/lib/thumb/v7e-m+dp/hard/libg_nano.a(libc_a-setvbuf.o)
 .debug_info    0x00014f31      0xa95 /usr/lib/gcc/arm-none-eabi/16.1.0/../../../../arm-none-eabi/lib/thumb/v7e-m+dp/hard/libg_nano.a(libc_a-stdio.o)
 .debug_info    0x000159c6       0xe5 /usr/lib/gcc/arm-none-eabi/16.1.0/../../../../arm-none-eabi/lib/thumb/v7e-m+dp/hard/libg_nano.a(libc_a-memset.o)
 .debug_info    0x00015aab      0x762 /usr/lib/gcc/arm-none-eabi/16.1.0/../../../../arm-none-eabi/lib/thumb/v7e-m+dp/hard/libg_nano.a(libc_a-closer.o)
 .debug_info    0x0001620d      0x8a6 /usr/lib/gcc/arm-none-eabi/16.1.0/../../../../arm-none-eabi/lib/thumb/v7e-m+dp/hard/libg_nano.a(libc_a-reent.o)
 .debug_info    0x00016ab3      0x71a /usr/lib/gcc/arm-none-eabi/16.1.0/../../../../arm-none-eabi/lib/thumb/v7e-m+dp/hard/libg_nano.a(libc_a-impure.o)
 .debug_info    0x000171cd      0x7ad /usr/lib/gcc/arm-none-eabi/16.1.0/../../../../arm-none-eabi/lib/thumb/v7e-m+dp/hard/libg_nano.a(libc_a-lseekr.o)
 .debug_info    0x0001797a      0x7c4 /usr/lib/gcc/arm-none-eabi/16.1.0/../../../../arm-none-eabi/lib/thumb/v7e-m+dp/hard/libg_nano.a(libc_a-readr.o)
 .debug_info    0x0001813e      0x7ca /usr/lib/gcc/arm-none-eabi/16.1.0/../../../../arm-none-eabi/lib/thumb/v7e-m+dp/hard/libg_nano.a(libc_a-writer.o)
 .debug_info    0x00018908      0x700 /usr/lib/gcc/arm-none-eabi/16.1.0/../../../../arm-none-eabi/lib/thumb/v7e-m+dp/hard/libg_nano.a(libc_a-errno.o)
 .debug_info    0x00019008      0x110 /usr/lib/gcc/arm-none-eabi/16.1.0/../../../../arm-none-eabi/lib/thumb/v7e-m+dp/hard/libg_nano.a(libc_a-init.o)
 .debug_info    0x00019118      0x21d /usr/lib/gcc/arm-none-eabi/16.1.0/../../../../arm-none-eabi/lib/thumb/v7e-m+dp/hard/libg_nano.a(libc_a-lock.o)
 .debug_info    0x00019335      0x845 /usr/lib/gcc/arm-none-eabi/16.1.0/../../../../arm-none-eabi/lib/thumb/v7e-m+dp/hard/libg_nano.a(libc_a-freer.o)
 .debug_info    0x00019b7a      0x7a5 /usr/lib/gcc/arm-none-eabi/16.1.0/../../../../arm-none-eabi/lib/thumb/v7e-m+dp/hard/libg_nano.a(libc_a-malloc.o)
 .debug_info    0x0001a31f      0x9c1 /usr/lib/gcc/arm-none-eabi/16.1.0/../../../../arm-none-eabi/lib/thumb/v7e-m+dp/hard/libg_nano.a(libc_a-mallocr.o)
 .debug_info    0x0001ace0      0x770 /usr/lib/gcc/arm-none-eabi/16.1.0/../../../../arm-none-eabi/lib/thumb/v7e-m+dp/hard/libg_nano.a(libc_a-mlock.o)
 .debug_info    0x0001b450     0x1099 /usr/lib/gcc/arm-none-eabi/16.1.0/../../../../arm-none-eabi/lib/thumb/v7e-m+dp/hard/libg_nano.a(libc_a-nano-vfprintf.o)
 .debug_info    0x0001c4e9      0xdf2 /usr/lib/gcc/arm-none-eabi/16.1.0/../../../../arm-none-eabi/lib/thumb/v7e-m+dp/hard/libg_nano.a(libc_a-nano-vfprintf_i.o)
 .debug_info    0x0001d2db      0x9f7 /usr/lib/gcc/arm-none-eabi/16.1.0/../../../../arm-none-eabi/lib/thumb/v7e-m+dp/hard/libg_nano.a(libc_a-fflush.o)
 .debug_info    0x0001dcd2      0xb25 /usr/lib/gcc/arm-none-eabi/16.1.0/../../../../arm-none-eabi/lib/thumb/v7e-m+dp/hard/libg_nano.a(libc_a-makebuf.o)
 .debug_info    0x0001e7f7      0x879 /usr/lib/gcc/arm-none-eabi/16.1.0/../../../../arm-none-eabi/lib/thumb/v7e-m+dp/hard/libg_nano.a(libc_a-wbuf.o)
 .debug_info    0x0001f070      0x7c0 /usr/lib/gcc/arm-none-eabi/16.1.0/../../../../arm-none-eabi/lib/thumb/v7e-m+dp/hard/libg_nano.a(libc_a-wsetup.o)
 .debug_info    0x0001f830      0x986 /usr/lib/gcc/arm-none-eabi/16.1.0/../../../../arm-none-eabi/lib/thumb/v7e-m+dp/hard/libg_nano.a(libc_a-fstatr.o)
 .debug_info    0x000201b6      0x762 /usr/lib/gcc/arm-none-eabi/16.1.0/../../../../arm-none-eabi/lib/thumb/v7e-m+dp/hard/libg_nano.a(libc_a-isattyr.o)
 .debug_info    0x00020918      0x787 /usr/lib/gcc/arm-none-eabi/16.1.0/../../../../arm-none-eabi/lib/thumb/v7e-m+dp/hard/libg_nano.a(libc_a-sbrkr.o)
 .debug_info    0x0002109f       0x25 /usr/lib/gcc/arm-none-eabi/16.1.0/../../../../arm-none-eabi/lib/thumb/v7e-m+dp/hard/libg_nano.a(libc_a-memchr.o)

.debug_abbrev   0x00000000     0x5df6
 .debug_abbrev  0x00000000      0x2aa CMakeFiles/NUCLEOH723ZG.dir/Core/Src/main.c.obj
 .debug_abbrev  0x000002aa       0x73 CMakeFiles/NUCLEOH723ZG.dir/Core/Src/stm32h7xx_it.c.obj
 .debug_abbrev  0x0000031d      0x20c CMakeFiles/NUCLEOH723ZG.dir/Core/Src/stm32h7xx_hal_msp.c.obj
 .debug_abbrev  0x00000529       0xbc CMakeFiles/NUCLEOH723ZG.dir/Core/Src/sysmem.c.obj
 .debug_abbrev  0x000005e5      0x1bc CMakeFiles/NUCLEOH723ZG.dir/Core/Src/syscalls.c.obj
 .debug_abbrev  0x000007a1       0x24 CMakeFiles/NUCLEOH723ZG.dir/startup_stm32h723xx.s.obj
 .debug_abbrev  0x000007c5       0xc4 CMakeFiles/usart_echo.dir/src/apps/usart_echo/app_main.c.obj
 .debug_abbrev  0x00000889      0x153 libdrivers.a(system_stm32h7xx.c.obj)
 .debug_abbrev  0x000009dc      0x2b1 libdrivers.a(stm32h7xx_hal_rcc.c.obj)
 .debug_abbrev  0x00000c8d      0x269 libdrivers.a(stm32h7xx_hal_rcc_ex.c.obj)
 .debug_abbrev  0x00000ef6      0x205 libdrivers.a(stm32h7xx_hal_gpio.c.obj)
 .debug_abbrev  0x000010fb      0x2b0 libdrivers.a(stm32h7xx_hal_pwr_ex.c.obj)
 .debug_abbrev  0x000013ab      0x29e libdrivers.a(stm32h7xx_hal.c.obj)
 .debug_abbrev  0x00001649      0x289 libdrivers.a(stm32h7xx_hal_sai.c.obj)
 .debug_abbrev  0x000018d2      0x341 libdrivers.a(stm32h7xx_hal_uart.c.obj)
 .debug_abbrev  0x00001c13      0x2d6 libdrivers.a(stm32h7xx_hal_uart_ex.c.obj)
 .debug_abbrev  0x00001ee9       0xaf libdrivers.a(clock.c.obj)
 .debug_abbrev  0x00001f98      0x246 libdrivers.a(console.c.obj)
 .debug_abbrev  0x000021de      0x339 libdrivers.a(stm32h7xx_hal_cortex.c.obj)
 .debug_abbrev  0x00002517       0x14 /usr/lib/gcc/arm-none-eabi/16.1.0/thumb/v7e-m+dp/hard/libgcc.a(_aeabi_uldivmod.o)
 .debug_abbrev  0x0000252b      0x170 /usr/lib/gcc/arm-none-eabi/16.1.0/thumb/v7e-m+dp/hard/libgcc.a(_udivmoddi4.o)
 .debug_abbrev  0x0000269b       0x26 /usr/lib/gcc/arm-none-eabi/16.1.0/thumb/v7e-m+dp/hard/libgcc.a(_dvmd_tls.o)
 .debug_abbrev  0x000026c1      0x419 /usr/lib/gcc/arm-none-eabi/16.1.0/../../../../arm-none-eabi/lib/thumb/v7e-m+dp/hard/libg_nano.a(libc_a-findfp.o)
 .debug_abbrev  0x00002ada      0x1a1 /usr/lib/gcc/arm-none-eabi/16.1.0/../../../../arm-none-eabi/lib/thumb/v7e-m+dp/hard/libg_nano.a(libc_a-fwalk.o)
 .debug_abbrev  0x00002c7b      0x220 /usr/lib/gcc/arm-none-eabi/16.1.0/../../../../arm-none-eabi/lib/thumb/v7e-m+dp/hard/libg_nano.a(libc_a-printf.o)
 .debug_abbrev  0x00002e9b      0x25f /usr/lib/gcc/arm-none-eabi/16.1.0/../../../../arm-none-eabi/lib/thumb/v7e-m+dp/hard/libg_nano.a(libc_a-setvbuf.o)
 .debug_abbrev  0x000030fa      0x227 /usr/lib/gcc/arm-none-eabi/16.1.0/../../../../arm-none-eabi/lib/thumb/v7e-m+dp/hard/libg_nano.a(libc_a-stdio.o)
 .debug_abbrev  0x00003321       0xa4 /usr/lib/gcc/arm-none-eabi/16.1.0/../../../../arm-none-eabi/lib/thumb/v7e-m+dp/hard/libg_nano.a(libc_a-memset.o)
 .debug_abbrev  0x000033c5      0x1b6 /usr/lib/gcc/arm-none-eabi/16.1.0/../../../../arm-none-eabi/lib/thumb/v7e-m+dp/hard/libg_nano.a(libc_a-closer.o)
 .debug_abbrev  0x0000357b      0x1fd /usr/lib/gcc/arm-none-eabi/16.1.0/../../../../arm-none-eabi/lib/thumb/v7e-m+dp/hard/libg_nano.a(libc_a-reent.o)
 .debug_abbrev  0x00003778      0x14f /usr/lib/gcc/arm-none-eabi/16.1.0/../../../../arm-none-eabi/lib/thumb/v7e-m+dp/hard/libg_nano.a(libc_a-impure.o)
 .debug_abbrev  0x000038c7      0x1ca /usr/lib/gcc/arm-none-eabi/16.1.0/../../../../arm-none-eabi/lib/thumb/v7e-m+dp/hard/libg_nano.a(libc_a-lseekr.o)
 .debug_abbrev  0x00003a91      0x1b6 /usr/lib/gcc/arm-none-eabi/16.1.0/../../../../arm-none-eabi/lib/thumb/v7e-m+dp/hard/libg_nano.a(libc_a-readr.o)
 .debug_abbrev  0x00003c47      0x1bb /usr/lib/gcc/arm-none-eabi/16.1.0/../../../../arm-none-eabi/lib/thumb/v7e-m+dp/hard/libg_nano.a(libc_a-writer.o)
 .debug_abbrev  0x00003e02      0x164 /usr/lib/gcc/arm-none-eabi/16.1.0/../../../../arm-none-eabi/lib/thumb/v7e-m+dp/hard/libg_nano.a(libc_a-errno.o)
 .debug_abbrev  0x00003f66       0xcf /usr/lib/gcc/arm-none-eabi/16.1.0/../../../../arm-none-eabi/lib/thumb/v7e-m+dp/hard/libg_nano.a(libc_a-init.o)
 .debug_abbrev  0x00004035      0x11b /usr/lib/gcc/arm-none-eabi/16.1.0/../../../../arm-none-eabi/lib/thumb/v7e-m+dp/hard/libg_nano.a(libc_a-lock.o)
 .debug_abbrev  0x00004150      0x23a /usr/lib/gcc/arm-none-eabi/16.1.0/../../../../arm-none-eabi/lib/thumb/v7e-m+dp/hard/libg_nano.a(libc_a-freer.o)
 .debug_abbrev  0x0000438a      0x1d5 /usr/lib/gcc/arm-none-eabi/16.1.0/../../../../arm-none-eabi/lib/thumb/v7e-m+dp/hard/libg_nano.a(libc_a-malloc.o)
 .debug_abbrev  0x0000455f      0x250 /usr/lib/gcc/arm-none-eabi/16.1.0/../../../../arm-none-eabi/lib/thumb/v7e-m+dp/hard/libg_nano.a(libc_a-mallocr.o)
 .debug_abbrev  0x000047af      0x1c5 /usr/lib/gcc/arm-none-eabi/16.1.0/../../../../arm-none-eabi/lib/thumb/v7e-m+dp/hard/libg_nano.a(libc_a-mlock.o)
 .debug_abbrev  0x00004974      0x31c /usr/lib/gcc/arm-none-eabi/16.1.0/../../../../arm-none-eabi/lib/thumb/v7e-m+dp/hard/libg_nano.a(libc_a-nano-vfprintf.o)
 .debug_abbrev  0x00004c90      0x28f /usr/lib/gcc/arm-none-eabi/16.1.0/../../../../arm-none-eabi/lib/thumb/v7e-m+dp/hard/libg_nano.a(libc_a-nano-vfprintf_i.o)
 .debug_abbrev  0x00004f1f      0x2b8 /usr/lib/gcc/arm-none-eabi/16.1.0/../../../../arm-none-eabi/lib/thumb/v7e-m+dp/hard/libg_nano.a(libc_a-fflush.o)
 .debug_abbrev  0x000051d7      0x291 /usr/lib/gcc/arm-none-eabi/16.1.0/../../../../arm-none-eabi/lib/thumb/v7e-m+dp/hard/libg_nano.a(libc_a-makebuf.o)
 .debug_abbrev  0x00005468      0x233 /usr/lib/gcc/arm-none-eabi/16.1.0/../../../../arm-none-eabi/lib/thumb/v7e-m+dp/hard/libg_nano.a(libc_a-wbuf.o)
 .debug_abbrev  0x0000569b      0x1e8 /usr/lib/gcc/arm-none-eabi/16.1.0/../../../../arm-none-eabi/lib/thumb/v7e-m+dp/hard/libg_nano.a(libc_a-wsetup.o)
 .debug_abbrev  0x00005883      0x1c9 /usr/lib/gcc/arm-none-eabi/16.1.0/../../../../arm-none-eabi/lib/thumb/v7e-m+dp/hard/libg_nano.a(libc_a-fstatr.o)
 .debug_abbrev  0x00005a4c      0x1b6 /usr/lib/gcc/arm-none-eabi/16.1.0/../../../../arm-none-eabi/lib/thumb/v7e-m+dp/hard/libg_nano.a(libc_a-isattyr.o)
 .debug_abbrev  0x00005c02      0x1e0 /usr/lib/gcc/arm-none-eabi/16.1.0/../../../../arm-none-eabi/lib/thumb/v7e-m+dp/hard/libg_nano.a(libc_a-sbrkr.o)
 .debug_abbrev  0x00005de2       0x14 /usr/lib/gcc/arm-none-eabi/16.1.0/../../../../arm-none-eabi/lib/thumb/v7e-m+dp/hard/libg_nano.a(libc_a-memchr.o)

.debug_aranges  0x00000000     0x1218
 .debug_aranges
                0x00000000       0x48 CMakeFiles/NUCLEOH723ZG.dir/Core/Src/main.c.obj
 .debug_aranges
                0x00000048       0x60 CMakeFiles/NUCLEOH723ZG.dir/Core/Src/stm32h7xx_it.c.obj
 .debug_aranges
                0x000000a8       0x40 CMakeFiles/NUCLEOH723ZG.dir/Core/Src/stm32h7xx_hal_msp.c.obj
 .debug_aranges
                0x000000e8       0x20 CMakeFiles/NUCLEOH723ZG.dir/Core/Src/sysmem.c.obj
 .debug_aranges
                0x00000108       0xa8 CMakeFiles/NUCLEOH723ZG.dir/Core/Src/syscalls.c.obj
 .debug_aranges
                0x000001b0       0x28 CMakeFiles/NUCLEOH723ZG.dir/startup_stm32h723xx.s.obj
 .debug_aranges
                0x000001d8       0x20 CMakeFiles/usart_echo.dir/src/apps/usart_echo/app_main.c.obj
 .debug_aranges
                0x000001f8       0x30 libdrivers.a(system_stm32h7xx.c.obj)
 .debug_aranges
                0x00000228       0x88 libdrivers.a(stm32h7xx_hal_rcc.c.obj)
 .debug_aranges
                0x000002b0       0xf8 libdrivers.a(stm32h7xx_hal_rcc_ex.c.obj)
 .debug_aranges
                0x000003a8       0x58 libdrivers.a(stm32h7xx_hal_gpio.c.obj)
 .debug_aranges
                0x00000400      0x148 libdrivers.a(stm32h7xx_hal_pwr_ex.c.obj)
 .debug_aranges
                0x00000548      0x1c8 libdrivers.a(stm32h7xx_hal.c.obj)
 .debug_aranges
                0x00000710      0x178 libdrivers.a(stm32h7xx_hal_sai.c.obj)
 .debug_aranges
                0x00000888      0x248 libdrivers.a(stm32h7xx_hal_uart.c.obj)
 .debug_aranges
                0x00000ad0       0xa8 libdrivers.a(stm32h7xx_hal_uart_ex.c.obj)
 .debug_aranges
                0x00000b78       0x28 libdrivers.a(clock.c.obj)
 .debug_aranges
                0x00000ba0       0x28 libdrivers.a(console.c.obj)
 .debug_aranges
                0x00000bc8      0x130 libdrivers.a(stm32h7xx_hal_cortex.c.obj)
 .debug_aranges
                0x00000cf8       0x20 /usr/lib/gcc/arm-none-eabi/16.1.0/thumb/v7e-m+dp/hard/libgcc.a(_aeabi_uldivmod.o)
 .debug_aranges
                0x00000d18       0x20 /usr/lib/gcc/arm-none-eabi/16.1.0/thumb/v7e-m+dp/hard/libgcc.a(_udivmoddi4.o)
 .debug_aranges
                0x00000d38       0x20 /usr/lib/gcc/arm-none-eabi/16.1.0/thumb/v7e-m+dp/hard/libgcc.a(_dvmd_tls.o)
 .debug_aranges
                0x00000d58       0x78 /usr/lib/gcc/arm-none-eabi/16.1.0/../../../../arm-none-eabi/lib/thumb/v7e-m+dp/hard/libg_nano.a(libc_a-findfp.o)
 .debug_aranges
                0x00000dd0       0x20 /usr/lib/gcc/arm-none-eabi/16.1.0/../../../../arm-none-eabi/lib/thumb/v7e-m+dp/hard/libg_nano.a(libc_a-fwalk.o)
 .debug_aranges
                0x00000df0       0x28 /usr/lib/gcc/arm-none-eabi/16.1.0/../../../../arm-none-eabi/lib/thumb/v7e-m+dp/hard/libg_nano.a(libc_a-printf.o)
 .debug_aranges
                0x00000e18       0x20 /usr/lib/gcc/arm-none-eabi/16.1.0/../../../../arm-none-eabi/lib/thumb/v7e-m+dp/hard/libg_nano.a(libc_a-setvbuf.o)
 .debug_aranges
                0x00000e38       0x40 /usr/lib/gcc/arm-none-eabi/16.1.0/../../../../arm-none-eabi/lib/thumb/v7e-m+dp/hard/libg_nano.a(libc_a-stdio.o)
 .debug_aranges
                0x00000e78       0x20 /usr/lib/gcc/arm-none-eabi/16.1.0/../../../../arm-none-eabi/lib/thumb/v7e-m+dp/hard/libg_nano.a(libc_a-memset.o)
 .debug_aranges
                0x00000e98       0x20 /usr/lib/gcc/arm-none-eabi/16.1.0/../../../../arm-none-eabi/lib/thumb/v7e-m+dp/hard/libg_nano.a(libc_a-closer.o)
 .debug_aranges
                0x00000eb8       0x20 /usr/lib/gcc/arm-none-eabi/16.1.0/../../../../arm-none-eabi/lib/thumb/v7e-m+dp/hard/libg_nano.a(libc_a-reent.o)
 .debug_aranges
                0x00000ed8       0x18 /usr/lib/gcc/arm-none-eabi/16.1.0/../../../../arm-none-eabi/lib/thumb/v7e-m+dp/hard/libg_nano.a(libc_a-impure.o)
 .debug_aranges
                0x00000ef0       0x20 /usr/lib/gcc/arm-none-eabi/16.1.0/../../../../arm-none-eabi/lib/thumb/v7e-m+dp/hard/libg_nano.a(libc_a-lseekr.o)
 .debug_aranges
                0x00000f10       0x20 /usr/lib/gcc/arm-none-eabi/16.1.0/../../../../arm-none-eabi/lib/thumb/v7e-m+dp/hard/libg_nano.a(libc_a-readr.o)
 .debug_aranges
                0x00000f30       0x20 /usr/lib/gcc/arm-none-eabi/16.1.0/../../../../arm-none-eabi/lib/thumb/v7e-m+dp/hard/libg_nano.a(libc_a-writer.o)
 .debug_aranges
                0x00000f50       0x20 /usr/lib/gcc/arm-none-eabi/16.1.0/../../../../arm-none-eabi/lib/thumb/v7e-m+dp/hard/libg_nano.a(libc_a-errno.o)
 .debug_aranges
                0x00000f70       0x20 /usr/lib/gcc/arm-none-eabi/16.1.0/../../../../arm-none-eabi/lib/thumb/v7e-m+dp/hard/libg_nano.a(libc_a-init.o)
 .debug_aranges
                0x00000f90       0x68 /usr/lib/gcc/arm-none-eabi/16.1.0/../../../../arm-none-eabi/lib/thumb/v7e-m+dp/hard/libg_nano.a(libc_a-lock.o)
 .debug_aranges
                0x00000ff8       0x20 /usr/lib/gcc/arm-none-eabi/16.1.0/../../../../arm-none-eabi/lib/thumb/v7e-m+dp/hard/libg_nano.a(libc_a-freer.o)
 .debug_aranges
                0x00001018       0x28 /usr/lib/gcc/arm-none-eabi/16.1.0/../../../../arm-none-eabi/lib/thumb/v7e-m+dp/hard/libg_nano.a(libc_a-malloc.o)
 .debug_aranges
                0x00001040       0x28 /usr/lib/gcc/arm-none-eabi/16.1.0/../../../../arm-none-eabi/lib/thumb/v7e-m+dp/hard/libg_nano.a(libc_a-mallocr.o)
 .debug_aranges
                0x00001068       0x28 /usr/lib/gcc/arm-none-eabi/16.1.0/../../../../arm-none-eabi/lib/thumb/v7e-m+dp/hard/libg_nano.a(libc_a-mlock.o)
 .debug_aranges
                0x00001090       0x40 /usr/lib/gcc/arm-none-eabi/16.1.0/../../../../arm-none-eabi/lib/thumb/v7e-m+dp/hard/libg_nano.a(libc_a-nano-vfprintf.o)
 .debug_aranges
                0x000010d0       0x28 /usr/lib/gcc/arm-none-eabi/16.1.0/../../../../arm-none-eabi/lib/thumb/v7e-m+dp/hard/libg_nano.a(libc_a-nano-vfprintf_i.o)
 .debug_aranges
                0x000010f8       0x30 /usr/lib/gcc/arm-none-eabi/16.1.0/../../../../arm-none-eabi/lib/thumb/v7e-m+dp/hard/libg_nano.a(libc_a-fflush.o)
 .debug_aranges
                0x00001128       0x28 /usr/lib/gcc/arm-none-eabi/16.1.0/../../../../arm-none-eabi/lib/thumb/v7e-m+dp/hard/libg_nano.a(libc_a-makebuf.o)
 .debug_aranges
                0x00001150       0x28 /usr/lib/gcc/arm-none-eabi/16.1.0/../../../../arm-none-eabi/lib/thumb/v7e-m+dp/hard/libg_nano.a(libc_a-wbuf.o)
 .debug_aranges
                0x00001178       0x20 /usr/lib/gcc/arm-none-eabi/16.1.0/../../../../arm-none-eabi/lib/thumb/v7e-m+dp/hard/libg_nano.a(libc_a-wsetup.o)
 .debug_aranges
                0x00001198       0x20 /usr/lib/gcc/arm-none-eabi/16.1.0/../../../../arm-none-eabi/lib/thumb/v7e-m+dp/hard/libg_nano.a(libc_a-fstatr.o)
 .debug_aranges
                0x000011b8       0x20 /usr/lib/gcc/arm-none-eabi/16.1.0/../../../../arm-none-eabi/lib/thumb/v7e-m+dp/hard/libg_nano.a(libc_a-isattyr.o)
 .debug_aranges
                0x000011d8       0x20 /usr/lib/gcc/arm-none-eabi/16.1.0/../../../../arm-none-eabi/lib/thumb/v7e-m+dp/hard/libg_nano.a(libc_a-sbrkr.o)
 .debug_aranges
                0x000011f8       0x20 /usr/lib/gcc/arm-none-eabi/16.1.0/../../../../arm-none-eabi/lib/thumb/v7e-m+dp/hard/libg_nano.a(libc_a-memchr.o)

.debug_rnglists
                0x00000000      0xe20
 .debug_rnglists
                0x00000000       0x34 CMakeFiles/NUCLEOH723ZG.dir/Core/Src/main.c.obj
 .debug_rnglists
                0x00000034       0x43 CMakeFiles/NUCLEOH723ZG.dir/Core/Src/stm32h7xx_it.c.obj
 .debug_rnglists
                0x00000077       0x2e CMakeFiles/NUCLEOH723ZG.dir/Core/Src/stm32h7xx_hal_msp.c.obj
 .debug_rnglists
                0x000000a5       0x13 CMakeFiles/NUCLEOH723ZG.dir/Core/Src/sysmem.c.obj
 .debug_rnglists
                0x000000b8       0x79 CMakeFiles/NUCLEOH723ZG.dir/Core/Src/syscalls.c.obj
 .debug_rnglists
                0x00000131       0x19 CMakeFiles/NUCLEOH723ZG.dir/startup_stm32h723xx.s.obj
 .debug_rnglists
                0x0000014a       0x13 CMakeFiles/usart_echo.dir/src/apps/usart_echo/app_main.c.obj
 .debug_rnglists
                0x0000015d       0x21 libdrivers.a(system_stm32h7xx.c.obj)
 .debug_rnglists
                0x0000017e       0x68 libdrivers.a(stm32h7xx_hal_rcc.c.obj)
 .debug_rnglists
                0x000001e6       0xc0 libdrivers.a(stm32h7xx_hal_rcc_ex.c.obj)
 .debug_rnglists
                0x000002a6       0x3f libdrivers.a(stm32h7xx_hal_gpio.c.obj)
 .debug_rnglists
                0x000002e5       0xf5 libdrivers.a(stm32h7xx_hal_pwr_ex.c.obj)
 .debug_rnglists
                0x000003da      0x155 libdrivers.a(stm32h7xx_hal.c.obj)
 .debug_rnglists
                0x0000052f      0x136 libdrivers.a(stm32h7xx_hal_sai.c.obj)
 .debug_rnglists
                0x00000665      0x1f8 libdrivers.a(stm32h7xx_hal_uart.c.obj)
 .debug_rnglists
                0x0000085d       0x7f libdrivers.a(stm32h7xx_hal_uart_ex.c.obj)
 .debug_rnglists
                0x000008dc       0x19 libdrivers.a(clock.c.obj)
 .debug_rnglists
                0x000008f5       0x19 libdrivers.a(console.c.obj)
 .debug_rnglists
                0x0000090e       0xdf libdrivers.a(stm32h7xx_hal_cortex.c.obj)
 .debug_rnglists
                0x000009ed       0x6d /usr/lib/gcc/arm-none-eabi/16.1.0/thumb/v7e-m+dp/hard/libgcc.a(_udivmoddi4.o)
 .debug_rnglists
                0x00000a5a       0x6e /usr/lib/gcc/arm-none-eabi/16.1.0/../../../../arm-none-eabi/lib/thumb/v7e-m+dp/hard/libg_nano.a(libc_a-findfp.o)
 .debug_rnglists
                0x00000ac8       0x13 /usr/lib/gcc/arm-none-eabi/16.1.0/../../../../arm-none-eabi/lib/thumb/v7e-m+dp/hard/libg_nano.a(libc_a-fwalk.o)
 .debug_rnglists
                0x00000adb       0x19 /usr/lib/gcc/arm-none-eabi/16.1.0/../../../../arm-none-eabi/lib/thumb/v7e-m+dp/hard/libg_nano.a(libc_a-printf.o)
 .debug_rnglists
                0x00000af4       0x20 /usr/lib/gcc/arm-none-eabi/16.1.0/../../../../arm-none-eabi/lib/thumb/v7e-m+dp/hard/libg_nano.a(libc_a-setvbuf.o)
 .debug_rnglists
                0x00000b14       0x2b /usr/lib/gcc/arm-none-eabi/16.1.0/../../../../arm-none-eabi/lib/thumb/v7e-m+dp/hard/libg_nano.a(libc_a-stdio.o)
 .debug_rnglists
                0x00000b3f       0x13 /usr/lib/gcc/arm-none-eabi/16.1.0/../../../../arm-none-eabi/lib/thumb/v7e-m+dp/hard/libg_nano.a(libc_a-memset.o)
 .debug_rnglists
                0x00000b52       0x13 /usr/lib/gcc/arm-none-eabi/16.1.0/../../../../arm-none-eabi/lib/thumb/v7e-m+dp/hard/libg_nano.a(libc_a-closer.o)
 .debug_rnglists
                0x00000b65       0x2c /usr/lib/gcc/arm-none-eabi/16.1.0/../../../../arm-none-eabi/lib/thumb/v7e-m+dp/hard/libg_nano.a(libc_a-reent.o)
 .debug_rnglists
                0x00000b91       0x13 /usr/lib/gcc/arm-none-eabi/16.1.0/../../../../arm-none-eabi/lib/thumb/v7e-m+dp/hard/libg_nano.a(libc_a-lseekr.o)
 .debug_rnglists
                0x00000ba4       0x13 /usr/lib/gcc/arm-none-eabi/16.1.0/../../../../arm-none-eabi/lib/thumb/v7e-m+dp/hard/libg_nano.a(libc_a-readr.o)
 .debug_rnglists
                0x00000bb7       0x13 /usr/lib/gcc/arm-none-eabi/16.1.0/../../../../arm-none-eabi/lib/thumb/v7e-m+dp/hard/libg_nano.a(libc_a-writer.o)
 .debug_rnglists
                0x00000bca       0x13 /usr/lib/gcc/arm-none-eabi/16.1.0/../../../../arm-none-eabi/lib/thumb/v7e-m+dp/hard/libg_nano.a(libc_a-errno.o)
 .debug_rnglists
                0x00000bdd       0x13 /usr/lib/gcc/arm-none-eabi/16.1.0/../../../../arm-none-eabi/lib/thumb/v7e-m+dp/hard/libg_nano.a(libc_a-init.o)
 .debug_rnglists
                0x00000bf0       0x49 /usr/lib/gcc/arm-none-eabi/16.1.0/../../../../arm-none-eabi/lib/thumb/v7e-m+dp/hard/libg_nano.a(libc_a-lock.o)
 .debug_rnglists
                0x00000c39       0x20 /usr/lib/gcc/arm-none-eabi/16.1.0/../../../../arm-none-eabi/lib/thumb/v7e-m+dp/hard/libg_nano.a(libc_a-freer.o)
 .debug_rnglists
                0x00000c59       0x19 /usr/lib/gcc/arm-none-eabi/16.1.0/../../../../arm-none-eabi/lib/thumb/v7e-m+dp/hard/libg_nano.a(libc_a-malloc.o)
 .debug_rnglists
                0x00000c72       0x2c /usr/lib/gcc/arm-none-eabi/16.1.0/../../../../arm-none-eabi/lib/thumb/v7e-m+dp/hard/libg_nano.a(libc_a-mallocr.o)
 .debug_rnglists
                0x00000c9e       0x19 /usr/lib/gcc/arm-none-eabi/16.1.0/../../../../arm-none-eabi/lib/thumb/v7e-m+dp/hard/libg_nano.a(libc_a-mlock.o)
 .debug_rnglists
                0x00000cb7       0x38 /usr/lib/gcc/arm-none-eabi/16.1.0/../../../../arm-none-eabi/lib/thumb/v7e-m+dp/hard/libg_nano.a(libc_a-nano-vfprintf.o)
 .debug_rnglists
                0x00000cef       0x59 /usr/lib/gcc/arm-none-eabi/16.1.0/../../../../arm-none-eabi/lib/thumb/v7e-m+dp/hard/libg_nano.a(libc_a-nano-vfprintf_i.o)
 .debug_rnglists
                0x00000d48       0x3b /usr/lib/gcc/arm-none-eabi/16.1.0/../../../../arm-none-eabi/lib/thumb/v7e-m+dp/hard/libg_nano.a(libc_a-fflush.o)
 .debug_rnglists
                0x00000d83       0x19 /usr/lib/gcc/arm-none-eabi/16.1.0/../../../../arm-none-eabi/lib/thumb/v7e-m+dp/hard/libg_nano.a(libc_a-makebuf.o)
 .debug_rnglists
                0x00000d9c       0x25 /usr/lib/gcc/arm-none-eabi/16.1.0/../../../../arm-none-eabi/lib/thumb/v7e-m+dp/hard/libg_nano.a(libc_a-wbuf.o)
 .debug_rnglists
                0x00000dc1       0x26 /usr/lib/gcc/arm-none-eabi/16.1.0/../../../../arm-none-eabi/lib/thumb/v7e-m+dp/hard/libg_nano.a(libc_a-wsetup.o)
 .debug_rnglists
                0x00000de7       0x13 /usr/lib/gcc/arm-none-eabi/16.1.0/../../../../arm-none-eabi/lib/thumb/v7e-m+dp/hard/libg_nano.a(libc_a-fstatr.o)
 .debug_rnglists
                0x00000dfa       0x13 /usr/lib/gcc/arm-none-eabi/16.1.0/../../../../arm-none-eabi/lib/thumb/v7e-m+dp/hard/libg_nano.a(libc_a-isattyr.o)
 .debug_rnglists
                0x00000e0d       0x13 /usr/lib/gcc/arm-none-eabi/16.1.0/../../../../arm-none-eabi/lib/thumb/v7e-m+dp/hard/libg_nano.a(libc_a-sbrkr.o)

.debug_macro    0x00000000    0x3377a
 .debug_macro   0x00000000      0x2be CMakeFiles/NUCLEOH723ZG.dir/Core/Src/main.c.obj
 .debug_macro   0x000002be      0xb0e CMakeFiles/NUCLEOH723ZG.dir/Core/Src/main.c.obj
 .debug_macro   0x00000dcc      0x238 CMakeFiles/NUCLEOH723ZG.dir/Core/Src/main.c.obj
 .debug_macro   0x00001004       0x2e CMakeFiles/NUCLEOH723ZG.dir/Core/Src/main.c.obj
 .debug_macro   0x00001032       0x3b CMakeFiles/NUCLEOH723ZG.dir/Core/Src/main.c.obj
 .debug_macro   0x0000106d       0x22 CMakeFiles/NUCLEOH723ZG.dir/Core/Src/main.c.obj
 .debug_macro   0x0000108f       0x8e CMakeFiles/NUCLEOH723ZG.dir/Core/Src/main.c.obj
 .debug_macro   0x0000111d       0x51 CMakeFiles/NUCLEOH723ZG.dir/Core/Src/main.c.obj
 .debug_macro   0x0000116e      0x103 CMakeFiles/NUCLEOH723ZG.dir/Core/Src/main.c.obj
 .debug_macro   0x00001271       0x6a CMakeFiles/NUCLEOH723ZG.dir/Core/Src/main.c.obj
 .debug_macro   0x000012db      0x1df CMakeFiles/NUCLEOH723ZG.dir/Core/Src/main.c.obj
 .debug_macro   0x000014ba       0x1c CMakeFiles/NUCLEOH723ZG.dir/Core/Src/main.c.obj
 .debug_macro   0x000014d6       0x22 CMakeFiles/NUCLEOH723ZG.dir/Core/Src/main.c.obj
 .debug_macro   0x000014f8       0xfb CMakeFiles/NUCLEOH723ZG.dir/Core/Src/main.c.obj
 .debug_macro   0x000015f3     0x1313 CMakeFiles/NUCLEOH723ZG.dir/Core/Src/main.c.obj
 .debug_macro   0x00002906      0x11f CMakeFiles/NUCLEOH723ZG.dir/Core/Src/main.c.obj
 .debug_macro   0x00002a25       0x22 CMakeFiles/NUCLEOH723ZG.dir/Core/Src/main.c.obj
 .debug_macro   0x00002a47    0x216c1 CMakeFiles/NUCLEOH723ZG.dir/Core/Src/main.c.obj
 .debug_macro   0x00024108       0x6d CMakeFiles/NUCLEOH723ZG.dir/Core/Src/main.c.obj
 .debug_macro   0x00024175     0x3d64 CMakeFiles/NUCLEOH723ZG.dir/Core/Src/main.c.obj
 .debug_macro   0x00027ed9      0x190 CMakeFiles/NUCLEOH723ZG.dir/Core/Src/main.c.obj
 .debug_macro   0x00028069       0x74 CMakeFiles/NUCLEOH723ZG.dir/Core/Src/main.c.obj
 .debug_macro   0x000280dd       0x29 CMakeFiles/NUCLEOH723ZG.dir/Core/Src/main.c.obj
 .debug_macro   0x00028106       0x3c CMakeFiles/NUCLEOH723ZG.dir/Core/Src/main.c.obj
 .debug_macro   0x00028142       0x34 CMakeFiles/NUCLEOH723ZG.dir/Core/Src/main.c.obj
 .debug_macro   0x00028176      0x364 CMakeFiles/NUCLEOH723ZG.dir/Core/Src/main.c.obj
 .debug_macro   0x000284da       0x16 CMakeFiles/NUCLEOH723ZG.dir/Core/Src/main.c.obj
 .debug_macro   0x000284f0       0x4a CMakeFiles/NUCLEOH723ZG.dir/Core/Src/main.c.obj
 .debug_macro   0x0002853a       0x34 CMakeFiles/NUCLEOH723ZG.dir/Core/Src/main.c.obj
 .debug_macro   0x0002856e       0x10 CMakeFiles/NUCLEOH723ZG.dir/Core/Src/main.c.obj
 .debug_macro   0x0002857e       0x58 CMakeFiles/NUCLEOH723ZG.dir/Core/Src/main.c.obj
 .debug_macro   0x000285d6      0x1de CMakeFiles/NUCLEOH723ZG.dir/Core/Src/main.c.obj
 .debug_macro   0x000287b4      0x19b CMakeFiles/NUCLEOH723ZG.dir/Core/Src/main.c.obj
 .debug_macro   0x0002894f       0x5d CMakeFiles/NUCLEOH723ZG.dir/Core/Src/main.c.obj
 .debug_macro   0x000289ac     0x2462 CMakeFiles/NUCLEOH723ZG.dir/Core/Src/main.c.obj
 .debug_macro   0x0002ae0e     0x1079 CMakeFiles/NUCLEOH723ZG.dir/Core/Src/main.c.obj
 .debug_macro   0x0002be87      0x154 CMakeFiles/NUCLEOH723ZG.dir/Core/Src/main.c.obj
 .debug_macro   0x0002bfdb      0x114 CMakeFiles/NUCLEOH723ZG.dir/Core/Src/main.c.obj
 .debug_macro   0x0002c0ef      0x3fc CMakeFiles/NUCLEOH723ZG.dir/Core/Src/main.c.obj
 .debug_macro   0x0002c4eb       0xac CMakeFiles/NUCLEOH723ZG.dir/Core/Src/main.c.obj
 .debug_macro   0x0002c597      0x788 CMakeFiles/NUCLEOH723ZG.dir/Core/Src/main.c.obj
 .debug_macro   0x0002cd1f      0x228 CMakeFiles/NUCLEOH723ZG.dir/Core/Src/main.c.obj
 .debug_macro   0x0002cf47       0x66 CMakeFiles/NUCLEOH723ZG.dir/Core/Src/main.c.obj
 .debug_macro   0x0002cfad      0x3a6 CMakeFiles/NUCLEOH723ZG.dir/Core/Src/main.c.obj
 .debug_macro   0x0002d353      0x3f9 CMakeFiles/NUCLEOH723ZG.dir/Core/Src/main.c.obj
 .debug_macro   0x0002d74c      0x275 CMakeFiles/NUCLEOH723ZG.dir/Core/Src/main.c.obj
 .debug_macro   0x0002d9c1      0x3ca CMakeFiles/NUCLEOH723ZG.dir/Core/Src/main.c.obj
 .debug_macro   0x0002dd8b      0x45c CMakeFiles/NUCLEOH723ZG.dir/Core/Src/main.c.obj
 .debug_macro   0x0002e1e7       0x3c CMakeFiles/NUCLEOH723ZG.dir/Core/Src/main.c.obj
 .debug_macro   0x0002e223       0x4a CMakeFiles/NUCLEOH723ZG.dir/Core/Src/main.c.obj
 .debug_macro   0x0002e26d      0x22c CMakeFiles/NUCLEOH723ZG.dir/Core/Src/main.c.obj
 .debug_macro   0x0002e499       0x67 CMakeFiles/NUCLEOH723ZG.dir/Core/Src/main.c.obj
 .debug_macro   0x0002e500       0xa5 CMakeFiles/NUCLEOH723ZG.dir/Core/Src/main.c.obj
 .debug_macro   0x0002e5a5      0x1c4 CMakeFiles/NUCLEOH723ZG.dir/Core/Src/main.c.obj
 .debug_macro   0x0002e769      0x22a CMakeFiles/NUCLEOH723ZG.dir/Core/Src/main.c.obj
 .debug_macro   0x0002e993       0x35 CMakeFiles/NUCLEOH723ZG.dir/Core/Src/main.c.obj